<html>
<body>
<pre>
<h1>µVision Build Log</h1>
<h2>Project:</h2>
F:\VMshare\RT-Thread 1.1.0\bsp\stm32f10x\project.uvproj
Project File Date:  03/21/2013

<h2>Output:</h2>
Rebuild target 'rtthread-stm32'
compiling application.c...
compiling startup.c...
compiling board.c...
compiling stm32f10x_it.c...
compiling rtc.c...
compiling usart.c...
usart.c(143): warning:  #177-D: variable "GPIO_InitStructure" was declared but never referenced
usart.c(187): warning:  #177-D: variable "NVIC_InitStructure" was declared but never referenced
usart.c(260): warning:  #177-D: variable "USART_InitStructure" was declared but never referenced
usart.c(261): warning:  #177-D: variable "USART_ClockInitStructure" was declared but never referenced
compiling serial.c...
compiling led.c...
compiling sdcard.c...
sdcard.c(3034): warning: C3017W: status may be used before being set
sdcard.c(3092): warning: C3017W: status may be used before being set
compiling clock.c...
compiling device.c...
compiling idle.c...
compiling ipc.c...
compiling irq.c...
compiling kservice.c...
compiling mem.c...
compiling mempool.c...
compiling module.c...
..\..\src\module.c(797): warning:  #177-D: variable "stack_size" was declared but never referenced
..\..\src\module.c(798): warning:  #177-D: variable "priority" was declared but never referenced
..\..\src\module.c(1172): warning:  #177-D: variable "i" was declared but never referenced
..\..\src\module.c(1173): warning:  #177-D: variable "result" was declared but never referenced
compiling object.c...
compiling scheduler.c...
compiling thread.c...
compiling timer.c...
compiling cpuport.c...
assembling context_rvds.S...
compiling backtrace.c...
compiling div0.c...
compiling showmem.c...
compiling dfs.c...
compiling dfs_fs.c...
compiling dfs_file.c...
compiling dfs_posix.c...
compiling dfs_yaffs2.c...
compiling yaffs_osglue.c...
compiling yaffs_nandcfg.c...
compiling yaffs_allocator.c...
compiling yaffs_bitmap.c...
compiling yaffs_checkptrw.c...
compiling yaffs_ecc.c...
compiling yaffs_guts.c...
compiling yaffs_nameval.c...
compiling yaffs_nand.c...
compiling yaffs_packedtags1.c...
compiling yaffs_packedtags2.c...
compiling yaffs_summary.c...
compiling yaffs_tagscompat.c...
compiling yaffs_verify.c...
compiling yaffs_yaffs1.c...
compiling yaffs_yaffs2.c...
compiling yaffs_attribs.c...
compiling yaffs_hweight.c...
compiling yaffs_nandif.c...
compiling yaffs_qsort.c...
compiling yaffsfs.c...
compiling system_stm32f10x.c...
compiling stm32f10x_crc.c...
compiling stm32f10x_rcc.c...
compiling stm32f10x_wwdg.c...
compiling stm32f10x_pwr.c...
compiling stm32f10x_exti.c...
compiling stm32f10x_bkp.c...
compiling stm32f10x_i2c.c...
compiling stm32f10x_adc.c...
compiling stm32f10x_dac.c...
compiling stm32f10x_rtc.c...
compiling stm32f10x_fsmc.c...
compiling stm32f10x_tim.c...
compiling stm32f10x_iwdg.c...
compiling stm32f10x_spi.c...
compiling stm32f10x_flash.c...
compiling stm32f10x_sdio.c...
compiling stm32f10x_gpio.c...
compiling stm32f10x_usart.c...
compiling stm32f10x_dbgmcu.c...
compiling stm32f10x_dma.c...
compiling stm32f10x_can.c...
compiling stm32f10x_cec.c...
compiling misc.c...
assembling startup_stm32f10x_hd.s...
linking...
Program Size: Code=16172 RO-data=3168 RW-data=244 ZI-data=3188  
FromELF: creating hex file...
".\obj\rtthread-stm32.axf" - 0 Error(s), 10 Warning(s).
