ARM Linker, 4.1 [Build 894] [Evaluation]

==============================================================================

Section Cross References

    application.o(.text) refers to led.o(.text) for rt_hw_led_init
    application.o(.text) refers to kservice.o(.text) for rt_kprintf
    application.o(.text) refers to thread.o(.text) for rt_thread_delay
    application.o(.text) refers to application.o(.bss) for .bss
    startup.o(.text) refers to kservice.o(.text) for rt_kprintf
    startup.o(.text) refers to board.o(.text) for rt_hw_board_init
    startup.o(.text) refers to clock.o(.text) for rt_system_tick_init
    startup.o(.text) refers to object.o(.text) for rt_system_object_init
    startup.o(.text) refers to timer.o(.text) for rt_system_timer_init
    startup.o(.text) refers to mem.o(.text) for rt_system_heap_init
    startup.o(.text) refers to scheduler.o(.text) for rt_system_scheduler_init
    startup.o(.text) refers to rtc.o(.text) for rt_hw_rtc_init
    startup.o(.text) refers to device.o(.text) for rt_device_init_all
    startup.o(.text) refers to application.o(.text) for rt_application_init
    startup.o(.text) refers to idle.o(.text) for rt_thread_idle_init
    startup.o(.text) refers to context_rvds.o(.text) for rt_hw_interrupt_disable
    board.o(.text) refers to misc.o(.text) for NVIC_SetVectorTable
    board.o(.text) refers to irq.o(.text) for rt_interrupt_enter
    board.o(.text) refers to clock.o(.text) for rt_tick_increase
    board.o(.text) refers to usart.o(.text) for rt_hw_usart_init
    board.o(.text) refers to system_stm32f10x.o(.data) for SystemCoreClock
    stm32f10x_it.o(.text) refers to board.o(.text) for rt_hw_timer_handler
    rtc.o(.text) refers to stm32f10x_rtc.o(.text) for RTC_GetCounter
    rtc.o(.text) refers to stm32f10x_rcc.o(.text) for RCC_APB1PeriphClockCmd
    rtc.o(.text) refers to stm32f10x_pwr.o(.text) for PWR_BackupAccessCmd
    rtc.o(.text) refers to stm32f10x_bkp.o(.text) for BKP_WriteBackupRegister
    rtc.o(.text) refers to kservice.o(.text) for rt_kprintf
    rtc.o(.text) refers to device.o(.text) for rt_device_register
    rtc.o(.text) refers to rtc.o(.bss) for .bss
    rtc.o(.text) refers to device.o(.text) for rt_device_find
    usart.o(.text) refers to stm32f10x_rcc.o(.text) for RCC_APB2PeriphClockCmd
    serial.o(.text) refers to kservice.o(.text) for rt_memset
    serial.o(.text) refers to mempool.o(.text) for rt_mp_init
    serial.o(.text) refers to stm32f10x_usart.o(.text) for USART_Cmd
    serial.o(.text) refers to context_rvds.o(.text) for rt_hw_interrupt_disable
    serial.o(.text) refers to kservice.o(.text) for rt_set_errno
    serial.o(.text) refers to mempool.o(.text) for rt_mp_alloc
    serial.o(.text) refers to context_rvds.o(.text) for rt_hw_interrupt_disable
    serial.o(.text) refers to serial.o(.text) for rt_serial_enable_dma
    serial.o(.text) refers to kservice.o(.text) for rt_set_errno
    serial.o(.text) refers to stm32f10x_usart.o(.text) for USART_Cmd
    serial.o(.text) refers to device.o(.text) for rt_device_register
    serial.o(.text) refers to serial.o(.text) for rt_serial_init
    serial.o(.text) refers to serial.o(.text) for rt_serial_open
    serial.o(.text) refers to serial.o(.text) for rt_serial_close
    serial.o(.text) refers to serial.o(.text) for rt_serial_read
    serial.o(.text) refers to serial.o(.text) for rt_serial_write
    serial.o(.text) refers to serial.o(.text) for rt_serial_control
    serial.o(.text) refers to stm32f10x_usart.o(.text) for USART_GetITStatus
    serial.o(.text) refers to context_rvds.o(.text) for rt_hw_interrupt_disable
    serial.o(.text) refers to stm32f10x_usart.o(.text) for USART_ClearITPendingBit
    serial.o(.text) refers to context_rvds.o(.text) for rt_hw_interrupt_disable
    serial.o(.text) refers to mempool.o(.text) for rt_mp_free
    serial.o(.text) refers to serial.o(.text) for rt_serial_enable_dma
    serial.o(.text) refers to stm32f10x_dma.o(.text) for DMA_Cmd
    serial.o(.text) refers to stm32f10x_dma.o(.text) for DMA_Cmd
    led.o(.text) refers to stm32f10x_rcc.o(.text) for RCC_APB2PeriphClockCmd
    led.o(.text) refers to stm32f10x_gpio.o(.text) for GPIO_Init
    sdcard.o(.text) refers to stm32f10x_sdio.o(.text) for SDIO_ClearFlag
    sdcard.o(.text) refers to sdcard.o(.data) for .data
    sdcard.o(.text) refers to sdcard.o(.bss) for .bss
    sdcard.o(.text) refers to stm32f10x_rcc.o(.text) for RCC_APB2PeriphClockCmd
    sdcard.o(.text) refers to stm32f10x_gpio.o(.text) for GPIO_Init
    sdcard.o(.text) refers to stm32f10x_dma.o(.text) for DMA_ClearFlag
    sdcard.o(.text) refers to clock.o(.text) for rt_tick_get
    sdcard.o(.text) refers to misc.o(.text) for NVIC_Init
    sdcard.o(.text) refers to ipc.o(.text) for rt_sem_init
    sdcard.o(.text) refers to kservice.o(.text) for rt_kprintf
    sdcard.o(.text) refers to mem.o(.text) for rt_malloc
    sdcard.o(.text) refers to dfs_fs.o(.text) for dfs_filesystem_get_partition
[...]
    __rt_lib_init_rand_1                     0x080021ab   Thumb Code     0  libinit2.o(.ARM.Collect$$libinit$$0000000A)
    __rt_lib_init_return                     0x080021ab   Thumb Code     0  libinit2.o(.ARM.Collect$$libinit$$0000002F)
    __rt_lib_init_signal_1                   0x080021ab   Thumb Code     0  libinit2.o(.ARM.Collect$$libinit$$00000019)
    __rt_lib_init_stdio_1                    0x080021ab   Thumb Code     0  libinit2.o(.ARM.Collect$$libinit$$00000021)
    __rt_lib_init_user_alloc_1               0x080021ab   Thumb Code     0  libinit2.o(.ARM.Collect$$libinit$$00000008)
    __rt_lib_shutdown                        0x080021ad   Thumb Code     0  libshutdown.o(.ARM.Collect$$libshutdown$$00000000)
    __rt_lib_shutdown_fp_trap_1              0x080021af   Thumb Code     0  libshutdown2.o(.ARM.Collect$$libshutdown$$00000006)
    __rt_lib_shutdown_heap_1                 0x080021af   Thumb Code     0  libshutdown2.o(.ARM.Collect$$libshutdown$$0000000E)
    __rt_lib_shutdown_return                 0x080021af   Thumb Code     0  libshutdown2.o(.ARM.Collect$$libshutdown$$0000000F)
    __rt_lib_shutdown_signal_1               0x080021af   Thumb Code     0  libshutdown2.o(.ARM.Collect$$libshutdown$$00000009)
    __rt_lib_shutdown_stdio_1                0x080021af   Thumb Code     0  libshutdown2.o(.ARM.Collect$$libshutdown$$00000003)
    __rt_lib_shutdown_user_alloc_1           0x080021af   Thumb Code     0  libshutdown2.o(.ARM.Collect$$libshutdown$$0000000B)
    __rt_entry                               0x080021b1   Thumb Code     0  rtentry.o(.ARM.Collect$$rtentry$$00000000)
    __rt_entry_presh_1                       0x080021b1   Thumb Code     0  rtentry2.o(.ARM.Collect$$rtentry$$00000002)
    __rt_entry_sh                            0x080021b1   Thumb Code     0  rtentry4.o(.ARM.Collect$$rtentry$$00000004)
    __rt_entry_li                            0x080021b7   Thumb Code     0  rtentry2.o(.ARM.Collect$$rtentry$$0000000A)
    __rt_entry_postsh_1                      0x080021b7   Thumb Code     0  rtentry2.o(.ARM.Collect$$rtentry$$00000009)
    __rt_entry_main                          0x080021bb   Thumb Code     0  rtentry2.o(.ARM.Collect$$rtentry$$0000000D)
    __rt_entry_postli_1                      0x080021bb   Thumb Code     0  rtentry2.o(.ARM.Collect$$rtentry$$0000000C)
    __rt_exit                                0x080021c3   Thumb Code     0  rtexit.o(.ARM.Collect$$rtexit$$00000000)
    __rt_exit_ls                             0x080021c5   Thumb Code     0  rtexit2.o(.ARM.Collect$$rtexit$$00000003)
    __rt_exit_prels_1                        0x080021c5   Thumb Code     0  rtexit2.o(.ARM.Collect$$rtexit$$00000002)
    __rt_exit_exit                           0x080021c9   Thumb Code     0  rtexit2.o(.ARM.Collect$$rtexit$$00000004)
    rt_init_thread_entry                     0x08002205   Thumb Code     2  application.o(.text)
    rt_application_init                      0x08002207   Thumb Code    72  application.o(.text)
    assert_failed                            0x0800228d   Thumb Code    28  startup.o(.text)
    rtthread_startup                         0x080022a9   Thumb Code    62  startup.o(.text)
    main                                     0x080022e7   Thumb Code    14  startup.o(.text)
    NVIC_Configuration                       0x0800234d   Thumb Code    10  board.o(.text)
    rt_hw_timer_handler                      0x08002357   Thumb Code    18  board.o(.text)
    rt_hw_board_init                         0x08002369   Thumb Code    58  board.o(.text)
    NMI_Handler                              0x080023ad   Thumb Code     2  stm32f10x_it.o(.text)
    MemManage_Handler                        0x080023af   Thumb Code     2  stm32f10x_it.o(.text)
    BusFault_Handler                         0x080023b1   Thumb Code     2  stm32f10x_it.o(.text)
    UsageFault_Handler                       0x080023b3   Thumb Code     2  stm32f10x_it.o(.text)
    SVC_Handler                              0x080023b5   Thumb Code     2  stm32f10x_it.o(.text)
    DebugMon_Handler                         0x080023b7   Thumb Code     2  stm32f10x_it.o(.text)
    SysTick_Handler                          0x080023b9   Thumb Code     4  stm32f10x_it.o(.text)
    DMA1_Channel2_IRQHandler                 0x080023bd   Thumb Code     2  stm32f10x_it.o(.text)
    USART1_IRQHandler                        0x080023bf   Thumb Code     2  stm32f10x_it.o(.text)
    USART2_IRQHandler                        0x080023c1   Thumb Code     2  stm32f10x_it.o(.text)
    USART3_IRQHandler                        0x080023c3   Thumb Code     2  stm32f10x_it.o(.text)
    RTC_Configuration                        0x08002411   Thumb Code    90  rtc.o(.text)
    rt_hw_rtc_init                           0x0800246b   Thumb Code    90  rtc.o(.text)
    rt_hw_usart_init                         0x08002539   Thumb Code     8  usart.o(.text)
    rt_hw_led_init                           0x08002541   Thumb Code    54  led.o(.text)
    rt_hw_led_on                             0x08002577   Thumb Code    22  led.o(.text)
    rt_hw_led_off                            0x0800258d   Thumb Code    22  led.o(.text)
    rt_system_tick_init                      0x080025a9   Thumb Code     2  clock.o(.text)
    rt_tick_get                              0x080025ab   Thumb Code     6  clock.o(.text)
    rt_tick_increase                         0x080025b1   Thumb Code    38  clock.o(.text)
    rt_tick_from_millisecond                 0x080025d7   Thumb Code    24  clock.o(.text)
    rt_device_find                           0x080025f5   Thumb Code    76  device.o(.text)
    rt_device_register                       0x08002641   Thumb Code    44  device.o(.text)
    rt_device_unregister                     0x0800266d   Thumb Code    10  device.o(.text)
    rt_device_init_all                       0x08002677   Thumb Code    60  device.o(.text)
    rt_device_open                           0x080026b3   Thumb Code    92  device.o(.text)
    rt_device_close                          0x0800270f   Thumb Code    26  device.o(.text)
    rt_device_read                           0x08002729   Thumb Code    26  device.o(.text)
    rt_device_write                          0x08002743   Thumb Code    26  device.o(.text)
    rt_device_control                        0x0800275d   Thumb Code    10  device.o(.text)
    rt_device_set_rx_indicate                0x08002767   Thumb Code     6  device.o(.text)
    rt_device_set_tx_complete                0x0800276d   Thumb Code     6  device.o(.text)
    rt_thread_idle_excute                    0x080027b1   Thumb Code   162  idle.o(.text)
    rt_thread_idle_init                      0x08002859   Thumb Code    40  idle.o(.text)
    rt_sem_init                              0x08002923   Thumb Code    34  ipc.o(.text)
    rt_sem_detach                            0x08002945   Thumb Code    20  ipc.o(.text)
    rt_sem_create                            0x08002959   Thumb Code    32  ipc.o(.text)
    rt_sem_delete                            0x08002979   Thumb Code    20  ipc.o(.text)
    rt_sem_take                              0x0800298d   Thumb Code   110  ipc.o(.text)
    rt_sem_trytake                           0x080029fb   Thumb Code     4  ipc.o(.text)
    rt_sem_release                           0x080029ff   Thumb Code    62  ipc.o(.text)
    rt_sem_control                           0x08002a3d   Thumb Code    46  ipc.o(.text)
    rt_mutex_init                            0x08002a6b   Thumb Code    48  ipc.o(.text)
    rt_mutex_detach                          0x08002a9b   Thumb Code    20  ipc.o(.text)
    rt_mutex_create                          0x08002aaf   Thumb Code    46  ipc.o(.text)
    rt_mutex_delete                          0x08002add   Thumb Code    20  ipc.o(.text)
    rt_mutex_take                            0x08002af1   Thumb Code   174  ipc.o(.text)
    rt_mutex_release                         0x08002b9f   Thumb Code   156  ipc.o(.text)
    rt_mutex_control                         0x08002c3b   Thumb Code     6  ipc.o(.text)
    rt_event_init                            0x08002c41   Thumb Code    30  ipc.o(.text)
    rt_event_detach                          0x08002c5f   Thumb Code    20  ipc.o(.text)
    rt_event_create                          0x08002c73   Thumb Code    32  ipc.o(.text)
    rt_event_delete                          0x08002c93   Thumb Code    20  ipc.o(.text)
    rt_event_send                            0x08002ca7   Thumb Code   142  ipc.o(.text)
    rt_event_recv                            0x08002d35   Thumb Code   176  ipc.o(.text)
    rt_event_control                         0x08002de5   Thumb Code    46  ipc.o(.text)
    rt_mq_init                               0x08002e13   Thumb Code    96  ipc.o(.text)
    rt_mq_detach                             0x08002e73   Thumb Code    20  ipc.o(.text)
    rt_mq_delete                             0x08002e87   Thumb Code    26  ipc.o(.text)
    rt_mq_create                             0x08002ea1   Thumb Code   110  ipc.o(.text)
    rt_mq_send                               0x08002f0f   Thumb Code   130  ipc.o(.text)
    rt_mq_urgent                             0x08002f91   Thumb Code   124  ipc.o(.text)
    rt_mq_recv                               0x0800300d   Thumb Code   230  ipc.o(.text)
    rt_mq_control                            0x080030f3   Thumb Code    72  ipc.o(.text)
    rt_interrupt_enter                       0x08003165   Thumb Code    22  irq.o(.text)
    rt_interrupt_leave                       0x0800317b   Thumb Code    22  irq.o(.text)
    rt_interrupt_get_nest                    0x08003191   Thumb Code     6  irq.o(.text)
    rt_get_errno                             0x0800319d   Thumb Code    24  kservice.o(.text)
    rt_set_errno                             0x080031b5   Thumb Code    26  kservice.o(.text)
    _rt_errno                                0x080031cf   Thumb Code    22  kservice.o(.text)
    rt_memset                                0x080031e5   Thumb Code    68  kservice.o(.text)
    rt_memcpy                                0x08003229   Thumb Code    70  kservice.o(.text)
    rt_memmove                               0x0800326f   Thumb Code    46  kservice.o(.text)
    rt_memcmp                                0x0800329d   Thumb Code    28  kservice.o(.text)
    rt_strlen                                0x080032b9   Thumb Code    16  kservice.o(.text)
    rt_strstr                                0x080032c9   Thumb Code    54  kservice.o(.text)
    rt_strcasecmp                            0x080032ff   Thumb Code    42  kservice.o(.text)
    rt_strncpy                               0x08003329   Thumb Code    38  kservice.o(.text)
    rt_strncmp                               0x0800334f   Thumb Code    32  kservice.o(.text)
    rt_strcmp                                0x0800336f   Thumb Code    24  kservice.o(.text)
    rt_strdup                                0x08003387   Thumb Code    36  kservice.o(.text)
    rt_kprintf                               0x080033ab   Thumb Code     2  kservice.o(.text)
    rt_show_version                          0x080033ad   Thumb Code    20  kservice.o(.text)
    rt_snprintf                              0x08003771   Thumb Code    18  kservice.o(.text)
    rt_vsprintf                              0x08003783   Thumb Code    10  kservice.o(.text)
    rt_sprintf                               0x0800378d   Thumb Code    14  kservice.o(.text)
    rt_malloc_align                          0x0800379b   Thumb Code    50  kservice.o(.text)
    rt_free_align                            0x080037cd   Thumb Code     8  kservice.o(.text)
    rt_system_heap_init                      0x08003855   Thumb Code    96  mem.o(.text)
    rt_malloc                                0x080038b5   Thumb Code   224  mem.o(.text)
    rt_free                                  0x08003995   Thumb Code    80  mem.o(.text)
    rt_realloc                               0x080039e5   Thumb Code   184  mem.o(.text)
    rt_calloc                                0x08003a9d   Thumb Code    28  mem.o(.text)
    rt_mp_init                               0x08003b05   Thumb Code    98  mempool.o(.text)
    rt_mp_detach                             0x08003b67   Thumb Code    64  mempool.o(.text)
    rt_mp_create                             0x08003ba7   Thumb Code   108  mempool.o(.text)
    rt_mp_delete                             0x08003c13   Thumb Code    70  mempool.o(.text)
    rt_mp_alloc                              0x08003c59   Thumb Code   142  mempool.o(.text)
    rt_mp_free                               0x08003ce7   Thumb Code    70  mempool.o(.text)
    rt_module_self                           0x08003d3b   Thumb Code    14  module.o(.text)
    rt_module_destroy                        0x08003d49   Thumb Code   292  module.o(.text)
    rt_system_object_init                    0x08003e6d   Thumb Code     2  object.o(.text)
    rt_object_get_information                0x08003e6f   Thumb Code     8  object.o(.text)
    rt_object_init                           0x08003e77   Thumb Code    78  object.o(.text)
    rt_object_detach                         0x08003ec5   Thumb Code    28  object.o(.text)
    rt_object_allocate                       0x08003ee1   Thumb Code   114  object.o(.text)
    rt_object_delete                         0x08003f53   Thumb Code    34  object.o(.text)
    rt_object_is_systemobject                0x08003f75   Thumb Code    14  object.o(.text)
    rt_system_scheduler_init                 0x08003fa9   Thumb Code    44  scheduler.o(.text)
    rt_system_scheduler_start                0x08003fd5   Thumb Code    74  scheduler.o(.text)
    rt_schedule                              0x0800401f   Thumb Code   130  scheduler.o(.text)
    rt_schedule_insert_thread                0x080040a1   Thumb Code    58  scheduler.o(.text)
    rt_schedule_remove_thread                0x080040db   Thumb Code    66  scheduler.o(.text)
    rt_enter_critical                        0x0800411d   Thumb Code    22  scheduler.o(.text)
    rt_exit_critical                         0x08004133   Thumb Code    42  scheduler.o(.text)
    rt_thread_timeout                        0x08004251   Thumb Code    32  thread.o(.text)
    rt_thread_init                           0x080042e3   Thumb Code    48  thread.o(.text)
    rt_thread_self                           0x08004313   Thumb Code     6  thread.o(.text)
    rt_thread_resume                         0x08004319   Thumb Code    68  thread.o(.text)
    rt_thread_startup                        0x0800435d   Thumb Code    46  thread.o(.text)
    rt_thread_detach                         0x0800438b   Thumb Code    60  thread.o(.text)
    rt_thread_create                         0x080043c7   Thumb Code    70  thread.o(.text)
    rt_thread_delete                         0x0800440d   Thumb Code    48  thread.o(.text)
    rt_thread_yield                          0x0800443d   Thumb Code    82  thread.o(.text)
    rt_thread_suspend                        0x0800448f   Thumb Code    46  thread.o(.text)
    rt_thread_sleep                          0x080044bd   Thumb Code    60  thread.o(.text)
    rt_thread_delay                          0x080044f9   Thumb Code     2  thread.o(.text)
    rt_thread_control                        0x080044fb   Thumb Code    92  thread.o(.text)
    rt_thread_find                           0x08004557   Thumb Code    70  thread.o(.text)
    rt_timer_init                            0x080045d1   Thumb Code    42  timer.o(.text)
    rt_timer_detach                          0x080045fb   Thumb Code    34  timer.o(.text)
    rt_timer_create                          0x0800461d   Thumb Code    44  timer.o(.text)
    rt_timer_delete                          0x08004649   Thumb Code    34  timer.o(.text)
    rt_timer_start                           0x0800466b   Thumb Code   106  timer.o(.text)
    rt_timer_stop                            0x080046d5   Thumb Code    48  timer.o(.text)
    rt_timer_control                         0x08004705   Thumb Code    48  timer.o(.text)
    rt_timer_check                           0x08004735   Thumb Code   104  timer.o(.text)
    rt_system_timer_init                     0x0800479d   Thumb Code     2  timer.o(.text)
    rt_system_timer_thread_init              0x0800479f   Thumb Code     2  timer.o(.text)
    rt_hw_stack_init                         0x080047f1   Thumb Code    52  cpuport.o(.text)
    rt_hw_hard_fault_exception               0x08004825   Thumb Code    98  cpuport.o(.text)
    rt_hw_interrupt_disable                  0x0800492d   Thumb Code     8  context_rvds.o(.text)
    rt_hw_interrupt_enable                   0x08004935   Thumb Code     6  context_rvds.o(.text)
    rt_hw_context_switch                     0x0800493b   Thumb Code    32  context_rvds.o(.text)
    rt_hw_context_switch_interrupt           0x0800493b   Thumb Code     0  context_rvds.o(.text)
    PendSV_Handler                           0x0800495b   Thumb Code    60  context_rvds.o(.text)
    rt_hw_context_switch_to                  0x08004997   Thumb Code    46  context_rvds.o(.text)
    rt_hw_interrupt_thread_switch            0x080049c5   Thumb Code     4  context_rvds.o(.text)
    HardFault_Handler                        0x080049c9   Thumb Code    20  context_rvds.o(.text)
    dfs_init                                 0x080049f1   Thumb Code    52  dfs.o(.text)
    dfs_lock                                 0x08004a25   Thumb Code    12  dfs.o(.text)
    dfs_unlock                               0x08004a31   Thumb Code     8  dfs.o(.text)
    fd_new                                   0x08004a39   Thumb Code    66  dfs.o(.text)
    fd_get                                   0x08004a7b   Thumb Code    62  dfs.o(.text)
    fd_put                                   0x08004ab9   Thumb Code    36  dfs.o(.text)
    dfs_normalize_path                       0x08004add   Thumb Code   244  dfs.o(.text)
    fd_is_open                               0x08004bd1   Thumb Code   134  dfs.o(.text)
    dfs_subdir                               0x08004c57   Thumb Code    48  dfs.o(.text)
    dfs_filesystem_lookup                    0x08004cc5   Thumb Code    98  dfs_fs.o(.text)
    dfs_filesystem_get_partition             0x08004d27   Thumb Code   122  dfs_fs.o(.text)
    dfs_statfs                               0x08004da1   Thumb Code    30  dfs_fs.o(.text)
    dfs_file_open                            0x08004e11   Thumb Code   194  dfs_file.o(.text)
    dfs_file_close                           0x08004ed3   Thumb Code    46  dfs_file.o(.text)
    dfs_file_read                            0x08004f01   Thumb Code    44  dfs_file.o(.text)
    dfs_file_getdents                        0x08004f2d   Thumb Code    30  dfs_file.o(.text)
    dfs_file_unlink                          0x08004f4b   Thumb Code   118  dfs_file.o(.text)
    dfs_file_write                           0x08004fc1   Thumb Code    24  dfs_file.o(.text)
    dfs_file_lseek                           0x08004fd9   Thumb Code    38  dfs_file.o(.text)
    dfs_file_stat                            0x08004fff   Thumb Code   156  dfs_file.o(.text)
    dfs_file_rename                          0x0800509b   Thumb Code   132  dfs_file.o(.text)
    open                                     0x08005125   Thumb Code    76  dfs_posix.o(.text)
    close                                    0x08005171   Thumb Code    56  dfs_posix.o(.text)
    read                                     0x080051a9   Thumb Code    62  dfs_posix.o(.text)
    write                                    0x080051e7   Thumb Code    62  dfs_posix.o(.text)
    lseek                                    0x08005225   Thumb Code    92  dfs_posix.o(.text)
    rename                                   0x08005281   Thumb Code    24  dfs_posix.o(.text)
    unlink                                   0x08005299   Thumb Code    24  dfs_posix.o(.text)
    stat                                     0x080052b1   Thumb Code    20  dfs_posix.o(.text)
    fstat                                    0x080052c5   Thumb Code    68  dfs_posix.o(.text)
    statfs                                   0x08005309   Thumb Code    20  dfs_posix.o(.text)
    mkdir                                    0x0800531d   Thumb Code    70  dfs_posix.o(.text)
    rmdir                                    0x08005363   Thumb Code    24  dfs_posix.o(.text)
    opendir                                  0x0800537b   Thumb Code   114  dfs_posix.o(.text)
    readdir                                  0x080053ed   Thumb Code   102  dfs_posix.o(.text)
    telldir                                  0x08005453   Thumb Code    46  dfs_posix.o(.text)
    seekdir                                  0x08005481   Thumb Code    58  dfs_posix.o(.text)
    rewinddir                                0x080054bb   Thumb Code    56  dfs_posix.o(.text)
    closedir                                 0x080054f3   Thumb Code    68  dfs_posix.o(.text)
    getcwd                                   0x08005537   Thumb Code    14  dfs_posix.o(.text)
    SystemInit                               0x08005571   Thumb Code    64  system_stm32f10x.o(.text)
    RCC_GetFlagStatus                        0x08005651   Thumb Code   100  stm32f10x_rcc.o(.text)
    RCC_LSEConfig                            0x080056b5   Thumb Code    54  stm32f10x_rcc.o(.text)
    RCC_RTCCLKConfig                         0x080056eb   Thumb Code    42  stm32f10x_rcc.o(.text)
    RCC_RTCCLKCmd                            0x08005715   Thumb Code    26  stm32f10x_rcc.o(.text)
    RCC_AHBPeriphClockCmd                    0x0800572f   Thumb Code    60  stm32f10x_rcc.o(.text)
    RCC_APB2PeriphClockCmd                   0x0800576b   Thumb Code    56  stm32f10x_rcc.o(.text)
    RCC_APB1PeriphClockCmd                   0x080057a3   Thumb Code    56  stm32f10x_rcc.o(.text)
    RCC_BackupResetCmd                       0x080057db   Thumb Code    28  stm32f10x_rcc.o(.text)
    PWR_BackupAccessCmd                      0x08005849   Thumb Code    24  stm32f10x_pwr.o(.text)
    BKP_DeInit                               0x080058a1   Thumb Code    18  stm32f10x_bkp.o(.text)
    BKP_WriteBackupRegister                  0x080058b3   Thumb Code   188  stm32f10x_bkp.o(.text)
    BKP_ReadBackupRegister                   0x0800596f   Thumb Code   186  stm32f10x_bkp.o(.text)
    RTC_EnterConfigMode                      0x08005a69   Thumb Code    12  stm32f10x_rtc.o(.text)
    RTC_ExitConfigMode                       0x08005a75   Thumb Code    12  stm32f10x_rtc.o(.text)
    RTC_GetCounter                           0x08005a81   Thumb Code    18  stm32f10x_rtc.o(.text)
    RTC_SetCounter                           0x08005a93   Thumb Code    26  stm32f10x_rtc.o(.text)
    RTC_SetPrescaler                         0x08005aad   Thumb Code    42  stm32f10x_rtc.o(.text)
    RTC_WaitForLastTask                      0x08005ad7   Thumb Code    10  stm32f10x_rtc.o(.text)
    RTC_WaitForSynchro                       0x08005ae1   Thumb Code    18  stm32f10x_rtc.o(.text)
    GPIO_Init                                0x08005b35   Thumb Code   288  stm32f10x_gpio.o(.text)
    GPIO_SetBits                             0x08005c55   Thumb Code    74  stm32f10x_gpio.o(.text)
    GPIO_ResetBits                           0x08005c9f   Thumb Code    74  stm32f10x_gpio.o(.text)
    NVIC_Init                                0x08005d41   Thumb Code   138  misc.o(.text)
    NVIC_SetVectorTable                      0x08005dcb   Thumb Code    54  misc.o(.text)
    Reset_Handler                            0x08005e41   Thumb Code     8  startup_stm32f10x_hd.o(.text)
    ADC1_2_IRQHandler                        0x08005e5b   Thumb Code     0  startup_stm32f10x_hd.o(.text)
    ADC3_IRQHandler                          0x08005e5b   Thumb Code     0  startup_stm32f10x_hd.o(.text)
    CAN1_RX1_IRQHandler                      0x08005e5b   Thumb Code     0  startup_stm32f10x_hd.o(.text)
    CAN1_SCE_IRQHandler                      0x08005e5b   Thumb Code     0  startup_stm32f10x_hd.o(.text)
    DMA1_Channel1_IRQHandler                 0x08005e5b   Thumb Code     0  startup_stm32f10x_hd.o(.text)
    DMA1_Channel3_IRQHandler                 0x08005e5b   Thumb Code     0  startup_stm32f10x_hd.o(.text)
    DMA1_Channel4_IRQHandler                 0x08005e5b   Thumb Code     0  startup_stm32f10x_hd.o(.text)
    DMA1_Channel5_IRQHandler                 0x08005e5b   Thumb Code     0  startup_stm32f10x_hd.o(.text)
    DMA1_Channel6_IRQHandler                 0x08005e5b   Thumb Code     0  startup_stm32f10x_hd.o(.text)
    DMA1_Channel7_IRQHandler                 0x08005e5b   Thumb Code     0  startup_stm32f10x_hd.o(.text)
    DMA2_Channel1_IRQHandler                 0x08005e5b   Thumb Code     0  startup_stm32f10x_hd.o(.text)
    DMA2_Channel2_IRQHandler                 0x08005e5b   Thumb Code     0  startup_stm32f10x_hd.o(.text)
    DMA2_Channel3_IRQHandler                 0x08005e5b   Thumb Code     0  startup_stm32f10x_hd.o(.text)
    DMA2_Channel4_5_IRQHandler               0x08005e5b   Thumb Code     0  startup_stm32f10x_hd.o(.text)
    EXTI0_IRQHandler                         0x08005e5b   Thumb Code     0  startup_stm32f10x_hd.o(.text)
    EXTI15_10_IRQHandler                     0x08005e5b   Thumb Code     0  startup_stm32f10x_hd.o(.text)
    EXTI1_IRQHandler                         0x08005e5b   Thumb Code     0  startup_stm32f10x_hd.o(.text)
    EXTI2_IRQHandler                         0x08005e5b   Thumb Code     0  startup_stm32f10x_hd.o(.text)
    EXTI3_IRQHandler                         0x08005e5b   Thumb Code     0  startup_stm32f10x_hd.o(.text)
    EXTI4_IRQHandler                         0x08005e5b   Thumb Code     0  startup_stm32f10x_hd.o(.text)
    EXTI9_5_IRQHandler                       0x08005e5b   Thumb Code     0  startup_stm32f10x_hd.o(.text)
    FLASH_IRQHandler                         0x08005e5b   Thumb Code     0  startup_stm32f10x_hd.o(.text)
    FSMC_IRQHandler                          0x08005e5b   Thumb Code     0  startup_stm32f10x_hd.o(.text)
    I2C1_ER_IRQHandler                       0x08005e5b   Thumb Code     0  startup_stm32f10x_hd.o(.text)
    I2C1_EV_IRQHandler                       0x08005e5b   Thumb Code     0  startup_stm32f10x_hd.o(.text)
    I2C2_ER_IRQHandler                       0x08005e5b   Thumb Code     0  startup_stm32f10x_hd.o(.text)
    I2C2_EV_IRQHandler                       0x08005e5b   Thumb Code     0  startup_stm32f10x_hd.o(.text)
    PVD_IRQHandler                           0x08005e5b   Thumb Code     0  startup_stm32f10x_hd.o(.text)
    RCC_IRQHandler                           0x08005e5b   Thumb Code     0  startup_stm32f10x_hd.o(.text)
    RTCAlarm_IRQHandler                      0x08005e5b   Thumb Code     0  startup_stm32f10x_hd.o(.text)
    RTC_IRQHandler                           0x08005e5b   Thumb Code     0  startup_stm32f10x_hd.o(.text)
    SDIO_IRQHandler                          0x08005e5b   Thumb Code     0  startup_stm32f10x_hd.o(.text)
    SPI1_IRQHandler                          0x08005e5b   Thumb Code     0  startup_stm32f10x_hd.o(.text)
    SPI2_IRQHandler                          0x08005e5b   Thumb Code     0  startup_stm32f10x_hd.o(.text)
    SPI3_IRQHandler                          0x08005e5b   Thumb Code     0  startup_stm32f10x_hd.o(.text)
    TAMPER_IRQHandler                        0x08005e5b   Thumb Code     0  startup_stm32f10x_hd.o(.text)
    TIM1_BRK_IRQHandler                      0x08005e5b   Thumb Code     0  startup_stm32f10x_hd.o(.text)
    TIM1_CC_IRQHandler                       0x08005e5b   Thumb Code     0  startup_stm32f10x_hd.o(.text)
    TIM1_TRG_COM_IRQHandler                  0x08005e5b   Thumb Code     0  startup_stm32f10x_hd.o(.text)
    TIM1_UP_IRQHandler                       0x08005e5b   Thumb Code     0  startup_stm32f10x_hd.o(.text)
    TIM2_IRQHandler                          0x08005e5b   Thumb Code     0  startup_stm32f10x_hd.o(.text)
    TIM3_IRQHandler                          0x08005e5b   Thumb Code     0  startup_stm32f10x_hd.o(.text)
    TIM4_IRQHandler                          0x08005e5b   Thumb Code     0  startup_stm32f10x_hd.o(.text)
    TIM5_IRQHandler                          0x08005e5b   Thumb Code     0  startup_stm32f10x_hd.o(.text)
    TIM6_IRQHandler                          0x08005e5b   Thumb Code     0  startup_stm32f10x_hd.o(.text)
    TIM7_IRQHandler                          0x08005e5b   Thumb Code     0  startup_stm32f10x_hd.o(.text)
    TIM8_BRK_IRQHandler                      0x08005e5b   Thumb Code     0  startup_stm32f10x_hd.o(.text)
    TIM8_CC_IRQHandler                       0x08005e5b   Thumb Code     0  startup_stm32f10x_hd.o(.text)
    TIM8_TRG_COM_IRQHandler                  0x08005e5b   Thumb Code     0  startup_stm32f10x_hd.o(.text)
    TIM8_UP_IRQHandler                       0x08005e5b   Thumb Code     0  startup_stm32f10x_hd.o(.text)
    UART4_IRQHandler                         0x08005e5b   Thumb Code     0  startup_stm32f10x_hd.o(.text)
    UART5_IRQHandler                         0x08005e5b   Thumb Code     0  startup_stm32f10x_hd.o(.text)
    USBWakeUp_IRQHandler                     0x08005e5b   Thumb Code     0  startup_stm32f10x_hd.o(.text)
    USB_HP_CAN1_TX_IRQHandler                0x08005e5b   Thumb Code     0  startup_stm32f10x_hd.o(.text)
    USB_LP_CAN1_RX0_IRQHandler               0x08005e5b   Thumb Code     0  startup_stm32f10x_hd.o(.text)
    WWDG_IRQHandler                          0x08005e5b   Thumb Code     0  startup_stm32f10x_hd.o(.text)
    __user_initial_stackheap                 0x08005e5d   Thumb Code     0  startup_stm32f10x_hd.o(.text)
    strlen                                   0x08005e81   Thumb Code    62  strlen.o(.text)
    strncmp                                  0x08005ebf   Thumb Code   150  strncmp.o(.text)
    strcmp                                   0x08005f55   Thumb Code   128  strcmpv7m.o(.text)
    __use_two_region_memory                  0x08005fd5   Thumb Code     2  heapauxi.o(.text)
    __rt_heap_escrow$2region                 0x08005fd7   Thumb Code     2  heapauxi.o(.text)
    __rt_heap_expand$2region                 0x08005fd9   Thumb Code     2  heapauxi.o(.text)
    __user_setup_stackheap                   0x08005fdb   Thumb Code    74  sys_stackheap_outer.o(.text)
    exit                                     0x08006025   Thumb Code    12  exit.o(.text)
    __user_libspace                          0x08006031   Thumb Code     8  libspace.o(.text)
    __user_perproc_libspace                  0x08006031   Thumb Code     0  libspace.o(.text)
    __user_perthread_libspace                0x08006031   Thumb Code     0  libspace.o(.text)
    __rt_fp_status_addr                      0x08006039   Thumb Code     8  rt_fp_status_addr_intlibspace.o(.text)
    _sys_exit                                0x08006041   Thumb Code     8  sys_exit.o(.text)
    __I$use$semihosting                      0x0800604d   Thumb Code     0  use_no_semi.o(.text)
    __use_no_semihosting_swi                 0x0800604d   Thumb Code     2  use_no_semi.o(.text)
    __semihosting_library_function           0x0800604f   Thumb Code     0  indicate_semi.o(.text)
    _fp_init                                 0x0800604f   Thumb Code    14  fpinit.o(x$fpl$fpinit)
    __fplib_config_pureend_doubles           0x0800605b   Thumb Code     0  fpinit.o(x$fpl$fpinit)
    __rtmsym_rt_tick_get_name                0x0800605c   Data          12  clock.o(.constdata)
    __rtmsym_rt_tick_from_millisecond_name   0x08006068   Data          25  clock.o(.constdata)
    __rtmsym_rt_device_register_name         0x08006081   Data          19  device.o(.constdata)
    __rtmsym_rt_device_unregister_name       0x08006094   Data          21  device.o(.constdata)
    __rtmsym_rt_device_find_name             0x080060a9   Data          15  device.o(.constdata)
    __rtmsym_rt_device_open_name             0x080060b8   Data          15  device.o(.constdata)
    __rtmsym_rt_device_close_name            0x080060c7   Data          16  device.o(.constdata)
    __rtmsym_rt_device_read_name             0x080060d7   Data          15  device.o(.constdata)
    __rtmsym_rt_device_write_name            0x080060e6   Data          16  device.o(.constdata)
    __rtmsym_rt_device_control_name          0x080060f6   Data          18  device.o(.constdata)
    __rtmsym_rt_device_set_rx_indicate_name  0x08006108   Data          26  device.o(.constdata)
    __rtmsym_rt_device_set_tx_complete_name  0x08006122   Data          26  device.o(.constdata)
    __rtmsym_rt_sem_init_name                0x0800613c   Data          12  ipc.o(.constdata)
    __rtmsym_rt_sem_detach_name              0x08006148   Data          14  ipc.o(.constdata)
    __rtmsym_rt_sem_create_name              0x08006156   Data          14  ipc.o(.constdata)
    __rtmsym_rt_sem_delete_name              0x08006164   Data          14  ipc.o(.constdata)
    __rtmsym_rt_sem_take_name                0x08006172   Data          12  ipc.o(.constdata)
    __rtmsym_rt_sem_trytake_name             0x0800617e   Data          15  ipc.o(.constdata)
    __rtmsym_rt_sem_release_name             0x0800618d   Data          15  ipc.o(.constdata)
    __rtmsym_rt_sem_control_name             0x0800619c   Data          15  ipc.o(.constdata)
    __rtmsym_rt_mutex_init_name              0x080061ab   Data          14  ipc.o(.constdata)
    __rtmsym_rt_mutex_detach_name            0x080061b9   Data          16  ipc.o(.constdata)
    __rtmsym_rt_mutex_create_name            0x080061c9   Data          16  ipc.o(.constdata)
    __rtmsym_rt_mutex_delete_name            0x080061d9   Data          16  ipc.o(.constdata)
    __rtmsym_rt_mutex_take_name              0x080061e9   Data          14  ipc.o(.constdata)
    __rtmsym_rt_mutex_release_name           0x080061f7   Data          17  ipc.o(.constdata)
    __rtmsym_rt_mutex_control_name           0x08006208   Data          17  ipc.o(.constdata)
    __rtmsym_rt_event_init_name              0x08006219   Data          14  ipc.o(.constdata)
    __rtmsym_rt_event_detach_name            0x08006227   Data          16  ipc.o(.constdata)
    __rtmsym_rt_event_create_name            0x08006237   Data          16  ipc.o(.constdata)
    __rtmsym_rt_event_delete_name            0x08006247   Data          16  ipc.o(.constdata)
    __rtmsym_rt_event_send_name              0x08006257   Data          14  ipc.o(.constdata)
    __rtmsym_rt_event_recv_name              0x08006265   Data          14  ipc.o(.constdata)
    __rtmsym_rt_event_control_name           0x08006273   Data          17  ipc.o(.constdata)
    __rtmsym_rt_mq_init_name                 0x08006284   Data          11  ipc.o(.constdata)
    __rtmsym_rt_mq_detach_name               0x0800628f   Data          13  ipc.o(.constdata)
    __rtmsym_rt_mq_create_name               0x0800629c   Data          13  ipc.o(.constdata)
    __rtmsym_rt_mq_delete_name               0x080062a9   Data          13  ipc.o(.constdata)
    __rtmsym_rt_mq_send_name                 0x080062b6   Data          11  ipc.o(.constdata)
    __rtmsym_rt_mq_urgent_name               0x080062c1   Data          13  ipc.o(.constdata)
    __rtmsym_rt_mq_recv_name                 0x080062ce   Data          11  ipc.o(.constdata)
    __rtmsym_rt_mq_control_name              0x080062d9   Data          14  ipc.o(.constdata)
    __rtmsym_rt_interrupt_enter_name         0x080062e7   Data          19  irq.o(.constdata)
    __rtmsym_rt_interrupt_leave_name         0x080062fa   Data          19  irq.o(.constdata)
    __rtmsym_rt_interrupt_get_nest_name      0x0800630d   Data          22  irq.o(.constdata)
    __rtmsym_rt_hw_interrupt_disable_name    0x08006323   Data          24  irq.o(.constdata)
    __rtmsym_rt_hw_interrupt_enable_name     0x0800633b   Data          23  irq.o(.constdata)
    __rtmsym_rt_get_errno_name               0x08006352   Data          13  kservice.o(.constdata)
    __rtmsym_rt_set_errno_name               0x0800635f   Data          13  kservice.o(.constdata)
    __rtmsym__rt_errno_name                  0x0800636c   Data          10  kservice.o(.constdata)
    __rtmsym_rt_memset_name                  0x08006376   Data          10  kservice.o(.constdata)
    __rtmsym_rt_memcpy_name                  0x08006380   Data          10  kservice.o(.constdata)
    __rtmsym_rt_memmove_name                 0x0800638a   Data          11  kservice.o(.constdata)
    __rtmsym_rt_memcmp_name                  0x08006395   Data          10  kservice.o(.constdata)
    __rtmsym_rt_strstr_name                  0x0800639f   Data          10  kservice.o(.constdata)
    __rtmsym_rt_strcasecmp_name              0x080063a9   Data          14  kservice.o(.constdata)
    __rtmsym_rt_strncpy_name                 0x080063b7   Data          11  kservice.o(.constdata)
    __rtmsym_rt_strncmp_name                 0x080063c2   Data          11  kservice.o(.constdata)
    __rtmsym_rt_strcmp_name                  0x080063cd   Data          10  kservice.o(.constdata)
    __rtmsym_rt_strlen_name                  0x080063d7   Data          10  kservice.o(.constdata)
    __rtmsym_rt_strdup_name                  0x080063e1   Data          10  kservice.o(.constdata)
    __rtmsym_rt_show_version_name            0x080063eb   Data          16  kservice.o(.constdata)
    __rtmsym_rt_snprintf_name                0x080063fb   Data          12  kservice.o(.constdata)
    __rtmsym_rt_vsprintf_name                0x08006407   Data          12  kservice.o(.constdata)
    __rtmsym_rt_sprintf_name                 0x08006413   Data          11  kservice.o(.constdata)
    __rtmsym_rt_kprintf_name                 0x0800641e   Data          11  kservice.o(.constdata)
    __rtmsym_rt_malloc_align_name            0x08006429   Data          16  kservice.o(.constdata)
    __rtmsym_rt_free_align_name              0x08006439   Data          14  kservice.o(.constdata)
    __rtmsym_rt_malloc_name                  0x08006469   Data          10  mem.o(.constdata)
    __rtmsym_rt_realloc_name                 0x08006473   Data          11  mem.o(.constdata)
    __rtmsym_rt_calloc_name                  0x0800647e   Data          10  mem.o(.constdata)
    __rtmsym_rt_free_name                    0x08006488   Data           8  mem.o(.constdata)
    __rtmsym_rt_mp_init_name                 0x08006490   Data          11  mempool.o(.constdata)
    __rtmsym_rt_mp_detach_name               0x0800649b   Data          13  mempool.o(.constdata)
    __rtmsym_rt_mp_create_name               0x080064a8   Data          13  mempool.o(.constdata)
    __rtmsym_rt_mp_delete_name               0x080064b5   Data          13  mempool.o(.constdata)
    __rtmsym_rt_mp_alloc_name                0x080064c2   Data          12  mempool.o(.constdata)
    __rtmsym_rt_mp_free_name                 0x080064ce   Data          11  mempool.o(.constdata)
    __rtmsym_rt_object_get_information_name  0x080064d9   Data          26  object.o(.constdata)
    rt_lowest_bitmap                         0x080064f3   Data         256  scheduler.o(.constdata)
    __rtmsym_rt_thread_init_name             0x080065f3   Data          15  thread.o(.constdata)
    __rtmsym_rt_thread_self_name             0x08006602   Data          15  thread.o(.constdata)
    __rtmsym_rt_thread_startup_name          0x08006611   Data          18  thread.o(.constdata)
    __rtmsym_rt_thread_detach_name           0x08006623   Data          17  thread.o(.constdata)
    __rtmsym_rt_thread_create_name           0x08006634   Data          17  thread.o(.constdata)
    __rtmsym_rt_thread_delete_name           0x08006645   Data          17  thread.o(.constdata)
    __rtmsym_rt_thread_yield_name            0x08006656   Data          16  thread.o(.constdata)
    __rtmsym_rt_thread_delay_name            0x08006666   Data          16  thread.o(.constdata)
    __rtmsym_rt_thread_control_name          0x08006676   Data          18  thread.o(.constdata)
    __rtmsym_rt_thread_suspend_name          0x08006688   Data          18  thread.o(.constdata)
    __rtmsym_rt_thread_resume_name           0x0800669a   Data          17  thread.o(.constdata)
    __rtmsym_rt_thread_timeout_name          0x080066ab   Data          18  thread.o(.constdata)
    __rtmsym_rt_thread_find_name             0x080066bd   Data          15  thread.o(.constdata)
    __rtmsym_rt_timer_init_name              0x080066cc   Data          14  timer.o(.constdata)
    __rtmsym_rt_timer_detach_name            0x080066da   Data          16  timer.o(.constdata)
    __rtmsym_rt_timer_create_name            0x080066ea   Data          16  timer.o(.constdata)
    __rtmsym_rt_timer_delete_name            0x080066fa   Data          16  timer.o(.constdata)
    __rtmsym_rt_timer_start_name             0x0800670a   Data          15  timer.o(.constdata)
    __rtmsym_rt_timer_stop_name              0x08006719   Data          14  timer.o(.constdata)
    __rtmsym_rt_timer_control_name           0x08006727   Data          17  timer.o(.constdata)
    __rtmsym_open_name                       0x08006738   Data           5  dfs_posix.o(.constdata)
    __rtmsym_close_name                      0x0800673d   Data           6  dfs_posix.o(.constdata)
    __rtmsym_read_name                       0x08006743   Data           5  dfs_posix.o(.constdata)
    __rtmsym_write_name                      0x08006748   Data           6  dfs_posix.o(.constdata)
    __rtmsym_lseek_name                      0x0800674e   Data           6  dfs_posix.o(.constdata)
    __rtmsym_rename_name                     0x08006754   Data           7  dfs_posix.o(.constdata)
    __rtmsym_unlink_name                     0x0800675b   Data           7  dfs_posix.o(.constdata)
    __rtmsym_stat_name                       0x08006762   Data           5  dfs_posix.o(.constdata)
    __rtmsym_fstat_name                      0x08006767   Data           6  dfs_posix.o(.constdata)
    __rtmsym_statfs_name                     0x0800676d   Data           7  dfs_posix.o(.constdata)
    __rtmsym_mkdir_name                      0x08006774   Data           6  dfs_posix.o(.constdata)
    __rtmsym_rmdir_name                      0x0800677a   Data           6  dfs_posix.o(.constdata)
    __rtmsym_opendir_name                    0x08006780   Data           8  dfs_posix.o(.constdata)
    __rtmsym_readdir_name                    0x08006788   Data           8  dfs_posix.o(.constdata)
    __rtmsym_telldir_name                    0x08006790   Data           8  dfs_posix.o(.constdata)
    __rtmsym_seekdir_name                    0x08006798   Data           8  dfs_posix.o(.constdata)
    __rtmsym_rewinddir_name                  0x080067a0   Data          10  dfs_posix.o(.constdata)
    __rtmsym_closedir_name                   0x080067aa   Data           9  dfs_posix.o(.constdata)
    __rtmsym_getcwd_name                     0x080067b3   Data           7  dfs_posix.o(.constdata)
    RTMSymTab$$Base                          0x080067bc   Number         0  clock.o(RTMSymTab)
    __rtmsym_rt_tick_get                     0x080067bc   Data           8  clock.o(RTMSymTab)
    __rtmsym_rt_tick_from_millisecond        0x080067c4   Data           8  clock.o(RTMSymTab)
    __rtmsym_rt_device_register              0x080067cc   Data           8  device.o(RTMSymTab)
    __rtmsym_rt_device_unregister            0x080067d4   Data           8  device.o(RTMSymTab)
    __rtmsym_rt_device_find                  0x080067dc   Data           8  device.o(RTMSymTab)
    __rtmsym_rt_device_open                  0x080067e4   Data           8  device.o(RTMSymTab)
    __rtmsym_rt_device_close                 0x080067ec   Data           8  device.o(RTMSymTab)
    __rtmsym_rt_device_read                  0x080067f4   Data           8  device.o(RTMSymTab)
    __rtmsym_rt_device_write                 0x080067fc   Data           8  device.o(RTMSymTab)
    __rtmsym_rt_device_control               0x08006804   Data           8  device.o(RTMSymTab)
    __rtmsym_rt_device_set_rx_indicate       0x0800680c   Data           8  device.o(RTMSymTab)
    __rtmsym_rt_device_set_tx_complete       0x08006814   Data           8  device.o(RTMSymTab)
    __rtmsym_rt_sem_init                     0x0800681c   Data           8  ipc.o(RTMSymTab)
    __rtmsym_rt_sem_detach                   0x08006824   Data           8  ipc.o(RTMSymTab)
    __rtmsym_rt_sem_create                   0x0800682c   Data           8  ipc.o(RTMSymTab)
    __rtmsym_rt_sem_delete                   0x08006834   Data           8  ipc.o(RTMSymTab)
    __rtmsym_rt_sem_take                     0x0800683c   Data           8  ipc.o(RTMSymTab)
    __rtmsym_rt_sem_trytake                  0x08006844   Data           8  ipc.o(RTMSymTab)
    __rtmsym_rt_sem_release                  0x0800684c   Data           8  ipc.o(RTMSymTab)
    __rtmsym_rt_sem_control                  0x08006854   Data           8  ipc.o(RTMSymTab)
    __rtmsym_rt_mutex_init                   0x0800685c   Data           8  ipc.o(RTMSymTab)
    __rtmsym_rt_mutex_detach                 0x08006864   Data           8  ipc.o(RTMSymTab)
    __rtmsym_rt_mutex_create                 0x0800686c   Data           8  ipc.o(RTMSymTab)
    __rtmsym_rt_mutex_delete                 0x08006874   Data           8  ipc.o(RTMSymTab)
    __rtmsym_rt_mutex_take                   0x0800687c   Data           8  ipc.o(RTMSymTab)
    __rtmsym_rt_mutex_release                0x08006884   Data           8  ipc.o(RTMSymTab)
    __rtmsym_rt_mutex_control                0x0800688c   Data           8  ipc.o(RTMSymTab)
    __rtmsym_rt_event_init                   0x08006894   Data           8  ipc.o(RTMSymTab)
    __rtmsym_rt_event_detach                 0x0800689c   Data           8  ipc.o(RTMSymTab)
    __rtmsym_rt_event_create                 0x080068a4   Data           8  ipc.o(RTMSymTab)
    __rtmsym_rt_event_delete                 0x080068ac   Data           8  ipc.o(RTMSymTab)
    __rtmsym_rt_event_send                   0x080068b4   Data           8  ipc.o(RTMSymTab)
    __rtmsym_rt_event_recv                   0x080068bc   Data           8  ipc.o(RTMSymTab)
    __rtmsym_rt_event_control                0x080068c4   Data           8  ipc.o(RTMSymTab)
    __rtmsym_rt_mq_init                      0x080068cc   Data           8  ipc.o(RTMSymTab)
    __rtmsym_rt_mq_detach                    0x080068d4   Data           8  ipc.o(RTMSymTab)
    __rtmsym_rt_mq_create                    0x080068dc   Data           8  ipc.o(RTMSymTab)
    __rtmsym_rt_mq_delete                    0x080068e4   Data           8  ipc.o(RTMSymTab)
    __rtmsym_rt_mq_send                      0x080068ec   Data           8  ipc.o(RTMSymTab)
    __rtmsym_rt_mq_urgent                    0x080068f4   Data           8  ipc.o(RTMSymTab)
    __rtmsym_rt_mq_recv                      0x080068fc   Data           8  ipc.o(RTMSymTab)
    __rtmsym_rt_mq_control                   0x08006904   Data           8  ipc.o(RTMSymTab)
    __rtmsym_rt_interrupt_enter              0x0800690c   Data           8  irq.o(RTMSymTab)
    __rtmsym_rt_interrupt_leave              0x08006914   Data           8  irq.o(RTMSymTab)
    __rtmsym_rt_interrupt_get_nest           0x0800691c   Data           8  irq.o(RTMSymTab)
    __rtmsym_rt_hw_interrupt_disable         0x08006924   Data           8  irq.o(RTMSymTab)
    __rtmsym_rt_hw_interrupt_enable          0x0800692c   Data           8  irq.o(RTMSymTab)
    __rtmsym_rt_get_errno                    0x08006934   Data           8  kservice.o(RTMSymTab)
    __rtmsym_rt_set_errno                    0x0800693c   Data           8  kservice.o(RTMSymTab)
    __rtmsym__rt_errno                       0x08006944   Data           8  kservice.o(RTMSymTab)
    __rtmsym_rt_memset                       0x0800694c   Data           8  kservice.o(RTMSymTab)
    __rtmsym_rt_memcpy                       0x08006954   Data           8  kservice.o(RTMSymTab)
    __rtmsym_rt_memmove                      0x0800695c   Data           8  kservice.o(RTMSymTab)
    __rtmsym_rt_memcmp                       0x08006964   Data           8  kservice.o(RTMSymTab)
    __rtmsym_rt_strstr                       0x0800696c   Data           8  kservice.o(RTMSymTab)
    __rtmsym_rt_strcasecmp                   0x08006974   Data           8  kservice.o(RTMSymTab)
    __rtmsym_rt_strncpy                      0x0800697c   Data           8  kservice.o(RTMSymTab)
    __rtmsym_rt_strncmp                      0x08006984   Data           8  kservice.o(RTMSymTab)
    __rtmsym_rt_strcmp                       0x0800698c   Data           8  kservice.o(RTMSymTab)
    __rtmsym_rt_strlen                       0x08006994   Data           8  kservice.o(RTMSymTab)
    __rtmsym_rt_strdup                       0x0800699c   Data           8  kservice.o(RTMSymTab)
    __rtmsym_rt_show_version                 0x080069a4   Data           8  kservice.o(RTMSymTab)
    __rtmsym_rt_snprintf                     0x080069ac   Data           8  kservice.o(RTMSymTab)
    __rtmsym_rt_vsprintf                     0x080069b4   Data           8  kservice.o(RTMSymTab)
    __rtmsym_rt_sprintf                      0x080069bc   Data           8  kservice.o(RTMSymTab)
    __rtmsym_rt_kprintf                      0x080069c4   Data           8  kservice.o(RTMSymTab)
    __rtmsym_rt_malloc_align                 0x080069cc   Data           8  kservice.o(RTMSymTab)
    __rtmsym_rt_free_align                   0x080069d4   Data           8  kservice.o(RTMSymTab)
    __rtmsym_rt_malloc                       0x080069dc   Data           8  mem.o(RTMSymTab)
    __rtmsym_rt_realloc                      0x080069e4   Data           8  mem.o(RTMSymTab)
    __rtmsym_rt_calloc                       0x080069ec   Data           8  mem.o(RTMSymTab)
    __rtmsym_rt_free                         0x080069f4   Data           8  mem.o(RTMSymTab)
    __rtmsym_rt_mp_init                      0x080069fc   Data           8  mempool.o(RTMSymTab)
    __rtmsym_rt_mp_detach                    0x08006a04   Data           8  mempool.o(RTMSymTab)
    __rtmsym_rt_mp_create                    0x08006a0c   Data           8  mempool.o(RTMSymTab)
    __rtmsym_rt_mp_delete                    0x08006a14   Data           8  mempool.o(RTMSymTab)
    __rtmsym_rt_mp_alloc                     0x08006a1c   Data           8  mempool.o(RTMSymTab)
    __rtmsym_rt_mp_free                      0x08006a24   Data           8  mempool.o(RTMSymTab)
    __rtmsym_rt_object_get_information       0x08006a2c   Data           8  object.o(RTMSymTab)
    __rtmsym_rt_thread_init                  0x08006a34   Data           8  thread.o(RTMSymTab)
    __rtmsym_rt_thread_self                  0x08006a3c   Data           8  thread.o(RTMSymTab)
    __rtmsym_rt_thread_startup               0x08006a44   Data           8  thread.o(RTMSymTab)
    __rtmsym_rt_thread_detach                0x08006a4c   Data           8  thread.o(RTMSymTab)
    __rtmsym_rt_thread_create                0x08006a54   Data           8  thread.o(RTMSymTab)
    __rtmsym_rt_thread_delete                0x08006a5c   Data           8  thread.o(RTMSymTab)
    __rtmsym_rt_thread_yield                 0x08006a64   Data           8  thread.o(RTMSymTab)
    __rtmsym_rt_thread_delay                 0x08006a6c   Data           8  thread.o(RTMSymTab)
    __rtmsym_rt_thread_control               0x08006a74   Data           8  thread.o(RTMSymTab)
    __rtmsym_rt_thread_suspend               0x08006a7c   Data           8  thread.o(RTMSymTab)
    __rtmsym_rt_thread_resume                0x08006a84   Data           8  thread.o(RTMSymTab)
    __rtmsym_rt_thread_timeout               0x08006a8c   Data           8  thread.o(RTMSymTab)
    __rtmsym_rt_thread_find                  0x08006a94   Data           8  thread.o(RTMSymTab)
    __rtmsym_rt_timer_init                   0x08006a9c   Data           8  timer.o(RTMSymTab)
    __rtmsym_rt_timer_detach                 0x08006aa4   Data           8  timer.o(RTMSymTab)
    __rtmsym_rt_timer_create                 0x08006aac   Data           8  timer.o(RTMSymTab)
    __rtmsym_rt_timer_delete                 0x08006ab4   Data           8  timer.o(RTMSymTab)
    __rtmsym_rt_timer_start                  0x08006abc   Data           8  timer.o(RTMSymTab)
    __rtmsym_rt_timer_stop                   0x08006ac4   Data           8  timer.o(RTMSymTab)
    __rtmsym_rt_timer_control                0x08006acc   Data           8  timer.o(RTMSymTab)
    __rtmsym_open                            0x08006ad4   Data           8  dfs_posix.o(RTMSymTab)
    __rtmsym_close                           0x08006adc   Data           8  dfs_posix.o(RTMSymTab)
    __rtmsym_read                            0x08006ae4   Data           8  dfs_posix.o(RTMSymTab)
    __rtmsym_write                           0x08006aec   Data           8  dfs_posix.o(RTMSymTab)
    __rtmsym_lseek                           0x08006af4   Data           8  dfs_posix.o(RTMSymTab)
    __rtmsym_rename                          0x08006afc   Data           8  dfs_posix.o(RTMSymTab)
    __rtmsym_unlink                          0x08006b04   Data           8  dfs_posix.o(RTMSymTab)
    __rtmsym_stat                            0x08006b0c   Data           8  dfs_posix.o(RTMSymTab)
    __rtmsym_fstat                           0x08006b14   Data           8  dfs_posix.o(RTMSymTab)
    __rtmsym_statfs                          0x08006b1c   Data           8  dfs_posix.o(RTMSymTab)
    __rtmsym_mkdir                           0x08006b24   Data           8  dfs_posix.o(RTMSymTab)
    __rtmsym_rmdir                           0x08006b2c   Data           8  dfs_posix.o(RTMSymTab)
    __rtmsym_opendir                         0x08006b34   Data           8  dfs_posix.o(RTMSymTab)
    __rtmsym_readdir                         0x08006b3c   Data           8  dfs_posix.o(RTMSymTab)
    __rtmsym_telldir                         0x08006b44   Data           8  dfs_posix.o(RTMSymTab)
    __rtmsym_seekdir                         0x08006b4c   Data           8  dfs_posix.o(RTMSymTab)
    __rtmsym_rewinddir                       0x08006b54   Data           8  dfs_posix.o(RTMSymTab)
    __rtmsym_closedir                        0x08006b5c   Data           8  dfs_posix.o(RTMSymTab)
    __rtmsym_getcwd                          0x08006b64   Data           8  dfs_posix.o(RTMSymTab)
    RTMSymTab$$Limit                         0x08006b6c   Number         0  dfs_posix.o(RTMSymTab)
    Region$$Table$$Base                      0x08006b6c   Number         0  anon$$obj.o(Region$$Table)
    Region$$Table$$Limit                     0x08006b8c   Number         0  anon$$obj.o(Region$$Table)
    rt_interrupt_nest                        0x20000004   Data           1  irq.o(.data)
    rt_object_container                      0x20000024   Data         144  object.o(.data)
    rt_current_priority                      0x200000b4   Data           1  scheduler.o(.data)
    rt_current_thread                        0x200000b8   Data           4  scheduler.o(.data)
    rt_thread_ready_priority_group           0x200000bc   Data           4  scheduler.o(.data)
    rt_thread_defunct                        0x200000c0   Data           8  scheduler.o(.data)
    rt_interrupt_from_thread                 0x200000d4   Data           4  cpuport.o(.data)
    rt_interrupt_to_thread                   0x200000d8   Data           4  cpuport.o(.data)
    rt_thread_switch_interrupt_flag          0x200000dc   Data           4  cpuport.o(.data)
    SystemCoreClock                          0x200000e0   Data           4  system_stm32f10x.o(.data)
    AHBPrescTable                            0x200000e4   Data          16  system_stm32f10x.o(.data)
    rt_thread_priority_table                 0x2000056c   Data         256  scheduler.o(.bss)
    filesystem_operation_table               0x2000066c   Data          16  dfs.o(.bss)
    filesystem_table                         0x2000067c   Data          32  dfs.o(.bss)
    fd_table                                 0x200006c4   Data          64  dfs.o(.bss)
    __libspace_start                         0x20000704   Data          96  libspace.o(.bss)
    __temporary_stack_top$libspace           0x20000764   Data           0  libspace.o(.bss)
    Image$$RW_IRAM1$$ZI$$Limit               0x20000d68   Number         0  startup_stm32f10x_hd.o(STACK)



==============================================================================

Memory Map of the image

  Image Entry point : 0x08002131

  Load Region LR_IROM1 (Base: 0x08002000, Size: 0x00004c80, Max: 0x00040000, ABSOLUTE)

    Execution Region ER_IROM1 (Base: 0x08002000, Size: 0x00004b8c, Max: 0x00040000, ABSOLUTE)

    Base Addr    Size         Type   Attr      Idx    E Section Name        Object

    0x08002000   0x00000130   Data   RO         6447    RESET               startup_stm32f10x_hd.o
    0x08002130   0x00000008   Code   RO         6480  * !!!main             c_w.l(__main.o)
    0x08002138   0x00000034   Code   RO         6637    !!!scatter          c_w.l(__scatter.o)
    0x0800216c   0x0000001a   Code   RO         6639    !!handler_copy      c_w.l(__scatter_copy.o)
    0x08002186   0x00000002   PAD
    0x08002188   0x0000001c   Code   RO         6641    !!handler_zi        c_w.l(__scatter_zi.o)
    0x080021a4   0x00000006   Code   RO         6507    .ARM.Collect$$libinit$$00000000  c_w.l(libinit.o)
    0x080021aa   0x00000000   Code   RO         6515    .ARM.Collect$$libinit$$00000006  c_w.l(libinit2.o)
    0x080021aa   0x00000000   Code   RO         6517    .ARM.Collect$$libinit$$00000008  c_w.l(libinit2.o)
    0x080021aa   0x00000000   Code   RO         6519    .ARM.Collect$$libinit$$0000000A  c_w.l(libinit2.o)
    0x080021aa   0x00000000   Code   RO         6522    .ARM.Collect$$libinit$$0000000D  c_w.l(libinit2.o)
    0x080021aa   0x00000000   Code   RO         6524    .ARM.Collect$$libinit$$0000000F  c_w.l(libinit2.o)
    0x080021aa   0x00000000   Code   RO         6526    .ARM.Collect$$libinit$$00000011  c_w.l(libinit2.o)
    0x080021aa   0x00000000   Code   RO         6528    .ARM.Collect$$libinit$$00000013  c_w.l(libinit2.o)
    0x080021aa   0x00000000   Code   RO         6530    .ARM.Collect$$libinit$$00000015  c_w.l(libinit2.o)
    0x080021aa   0x00000000   Code   RO         6532    .ARM.Collect$$libinit$$00000017  c_w.l(libinit2.o)
    0x080021aa   0x00000000   Code   RO         6534    .ARM.Collect$$libinit$$00000019  c_w.l(libinit2.o)
    0x080021aa   0x00000000   Code   RO         6536    .ARM.Collect$$libinit$$0000001B  c_w.l(libinit2.o)
    0x080021aa   0x00000000   Code   RO         6538    .ARM.Collect$$libinit$$0000001D  c_w.l(libinit2.o)
    0x080021aa   0x00000000   Code   RO         6540    .ARM.Collect$$libinit$$0000001F  c_w.l(libinit2.o)
    0x080021aa   0x00000000   Code   RO         6542    .ARM.Collect$$libinit$$00000021  c_w.l(libinit2.o)
    0x080021aa   0x00000000   Code   RO         6546    .ARM.Collect$$libinit$$00000028  c_w.l(libinit2.o)
    0x080021aa   0x00000000   Code   RO         6548    .ARM.Collect$$libinit$$0000002A  c_w.l(libinit2.o)
    0x080021aa   0x00000000   Code   RO         6550    .ARM.Collect$$libinit$$0000002C  c_w.l(libinit2.o)
    0x080021aa   0x00000000   Code   RO         6552    .ARM.Collect$$libinit$$0000002E  c_w.l(libinit2.o)
    0x080021aa   0x00000002   Code   RO         6553    .ARM.Collect$$libinit$$0000002F  c_w.l(libinit2.o)
    0x080021ac   0x00000002   Code   RO         6578    .ARM.Collect$$libshutdown$$00000000  c_w.l(libshutdown.o)
    0x080021ae   0x00000000   Code   RO         6592    .ARM.Collect$$libshutdown$$00000003  c_w.l(libshutdown2.o)
    0x080021ae   0x00000000   Code   RO         6595    .ARM.Collect$$libshutdown$$00000006  c_w.l(libshutdown2.o)
    0x080021ae   0x00000000   Code   RO         6598    .ARM.Collect$$libshutdown$$00000009  c_w.l(libshutdown2.o)
    0x080021ae   0x00000000   Code   RO         6600    .ARM.Collect$$libshutdown$$0000000B  c_w.l(libshutdown2.o)
    0x080021ae   0x00000000   Code   RO         6603    .ARM.Collect$$libshutdown$$0000000E  c_w.l(libshutdown2.o)
    0x080021ae   0x00000002   Code   RO         6604    .ARM.Collect$$libshutdown$$0000000F  c_w.l(libshutdown2.o)
    0x080021b0   0x00000000   Code   RO         6482    .ARM.Collect$$rtentry$$00000000  c_w.l(rtentry.o)
    0x080021b0   0x00000000   Code   RO         6484    .ARM.Collect$$rtentry$$00000002  c_w.l(rtentry2.o)
    0x080021b0   0x00000006   Code   RO         6496    .ARM.Collect$$rtentry$$00000004  c_w.l(rtentry4.o)
    0x080021b6   0x00000000   Code   RO         6486    .ARM.Collect$$rtentry$$00000009  c_w.l(rtentry2.o)
    0x080021b6   0x00000004   Code   RO         6487    .ARM.Collect$$rtentry$$0000000A  c_w.l(rtentry2.o)
    0x080021ba   0x00000000   Code   RO         6489    .ARM.Collect$$rtentry$$0000000C  c_w.l(rtentry2.o)
    0x080021ba   0x00000008   Code   RO         6490    .ARM.Collect$$rtentry$$0000000D  c_w.l(rtentry2.o)
    0x080021c2   0x00000002   Code   RO         6511    .ARM.Collect$$rtexit$$00000000  c_w.l(rtexit.o)
    0x080021c4   0x00000000   Code   RO         6557    .ARM.Collect$$rtexit$$00000002  c_w.l(rtexit2.o)
    0x080021c4   0x00000004   Code   RO         6558    .ARM.Collect$$rtexit$$00000003  c_w.l(rtexit2.o)
    0x080021c8   0x00000006   Code   RO         6559    .ARM.Collect$$rtexit$$00000004  c_w.l(rtexit2.o)
    0x080021ce   0x00000002   PAD
    0x080021d0   0x000000bc   Code   RO            1    .text               application.o
    0x0800228c   0x000000c0   Code   RO           46    .text               startup.o
    0x0800234c   0x00000060   Code   RO          169    .text               board.o
    0x080023ac   0x00000018   Code   RO          194    .text               stm32f10x_it.o
    0x080023c4   0x00000174   Code   RO          217    .text               rtc.o
    0x08002538   0x00000008   Code   RO          248    .text               usart.o
    0x08002540   0x00000068   Code   RO          344    .text               led.o
    0x080025a8   0x0000004c   Code   RO          434    .text               clock.o
    0x080025f4   0x000001bc   Code   RO          459    .text               device.o
    0x080027b0   0x000000f4   Code   RO          500    .text               idle.o
    0x080028a4   0x000008c0   Code   RO          518    .text               ipc.o
    0x08003164   0x00000038   Code   RO          596    .text               irq.o
    0x0800319c   0x00000668   Code   RO          621    .text               kservice.o
    0x08003804   0x00000300   Code   RO          680    .text               mem.o
    0x08003b04   0x00000236   Code   RO          710    .text               mempool.o
    0x08003d3a   0x00000132   Code   RO          741    .text               module.o
    0x08003e6c   0x0000013c   Code   RO          809    .text               object.o
    0x08003fa8   0x00000250   Code   RO          836    .text               scheduler.o
    0x080041f8   0x000003d8   Code   RO          857    .text               thread.o
    0x080045d0   0x00000220   Code   RO          901    .text               timer.o
    0x080047f0   0x0000013c   Code   RO          936    .text               cpuport.o
    0x0800492c   0x000000c4   Code   RO          966    .text               context_rvds.o
    0x080049f0   0x000002d4   Code   RO         1003    .text               dfs.o
    0x08004cc4   0x0000014c   Code   RO         1040    .text               dfs_fs.o
    0x08004e10   0x00000314   Code   RO         1078    .text               dfs_file.o
    0x08005124   0x0000044c   Code   RO         1102    .text               dfs_posix.o
    0x08005570   0x000000e0   Code   RO         3497    .text               system_stm32f10x.o
    0x08005650   0x000001f8   Code   RO         3581    .text               stm32f10x_rcc.o
    0x08005848   0x00000058   Code   RO         3808    .text               stm32f10x_pwr.o
    0x080058a0   0x000001c8   Code   RO         3937    .text               stm32f10x_bkp.o
    0x08005a68   0x000000cc   Code   RO         4540    .text               stm32f10x_rtc.o
    0x08005b34   0x0000020c   Code   RO         5758    .text               stm32f10x_gpio.o
    0x08005d40   0x00000100   Code   RO         6410    .text               misc.o
    0x08005e40   0x00000040   Code   RO         6448    .text               startup_stm32f10x_hd.o
    0x08005e80   0x0000003e   Code   RO         6458    .text               c_w.l(strlen.o)
    0x08005ebe   0x00000096   Code   RO         6460    .text               c_w.l(strncmp.o)
    0x08005f54   0x00000080   Code   RO         6476    .text               c_w.l(strcmpv7m.o)
    0x08005fd4   0x00000006   Code   RO         6478    .text               c_w.l(heapauxi.o)
    0x08005fda   0x0000004a   Code   RO         6498    .text               c_w.l(sys_stackheap_outer.o)
    0x08006024   0x0000000c   Code   RO         6500    .text               c_w.l(exit.o)
    0x08006030   0x00000008   Code   RO         6508    .text               c_w.l(libspace.o)
    0x08006038   0x00000008   Code   RO         6566    .text               c_w.l(rt_fp_status_addr_intlibspace.o)
    0x08006040   0x0000000c   Code   RO         6570    .text               c_w.l(sys_exit.o)
    0x0800604c   0x00000002   Code   RO         6581    .text               c_w.l(use_no_semi.o)
    0x0800604e   0x00000000   Code   RO         6583    .text               c_w.l(indicate_semi.o)
    0x0800604e   0x0000000e   Code   RO         6554    x$fpl$fpinit        fz_ws.l(fpinit.o)
    0x0800605c   0x0000000c   Data   RO          436    .constdata          clock.o
    0x08006068   0x00000019   Data   RO          437    .constdata          clock.o
    0x08006081   0x00000013   Data   RO          461    .constdata          device.o
    0x08006094   0x00000015   Data   RO          462    .constdata          device.o
    0x080060a9   0x0000000f   Data   RO          463    .constdata          device.o
    0x080060b8   0x0000000f   Data   RO          464    .constdata          device.o
    0x080060c7   0x00000010   Data   RO          465    .constdata          device.o
    0x080060d7   0x0000000f   Data   RO          466    .constdata          device.o
    0x080060e6   0x00000010   Data   RO          467    .constdata          device.o
    0x080060f6   0x00000012   Data   RO          468    .constdata          device.o
    0x08006108   0x0000001a   Data   RO          469    .constdata          device.o
    0x08006122   0x0000001a   Data   RO          470    .constdata          device.o
    0x0800613c   0x0000000c   Data   RO          519    .constdata          ipc.o
    0x08006148   0x0000000e   Data   RO          520    .constdata          ipc.o
    0x08006156   0x0000000e   Data   RO          521    .constdata          ipc.o
    0x08006164   0x0000000e   Data   RO          522    .constdata          ipc.o
    0x08006172   0x0000000c   Data   RO          523    .constdata          ipc.o
    0x0800617e   0x0000000f   Data   RO          524    .constdata          ipc.o
    0x0800618d   0x0000000f   Data   RO          525    .constdata          ipc.o
    0x0800619c   0x0000000f   Data   RO          526    .constdata          ipc.o
    0x080061ab   0x0000000e   Data   RO          527    .constdata          ipc.o
    0x080061b9   0x00000010   Data   RO          528    .constdata          ipc.o
    0x080061c9   0x00000010   Data   RO          529    .constdata          ipc.o
    0x080061d9   0x00000010   Data   RO          530    .constdata          ipc.o
    0x080061e9   0x0000000e   Data   RO          531    .constdata          ipc.o
    0x080061f7   0x00000011   Data   RO          532    .constdata          ipc.o
    0x08006208   0x00000011   Data   RO          533    .constdata          ipc.o
    0x08006219   0x0000000e   Data   RO          534    .constdata          ipc.o
    0x08006227   0x00000010   Data   RO          535    .constdata          ipc.o
    0x08006237   0x00000010   Data   RO          536    .constdata          ipc.o
    0x08006247   0x00000010   Data   RO          537    .constdata          ipc.o
    0x08006257   0x0000000e   Data   RO          538    .constdata          ipc.o
    0x08006265   0x0000000e   Data   RO          539    .constdata          ipc.o
    0x08006273   0x00000011   Data   RO          540    .constdata          ipc.o
    0x08006284   0x0000000b   Data   RO          541    .constdata          ipc.o
    0x0800628f   0x0000000d   Data   RO          542    .constdata          ipc.o
    0x0800629c   0x0000000d   Data   RO          543    .constdata          ipc.o
    0x080062a9   0x0000000d   Data   RO          544    .constdata          ipc.o
    0x080062b6   0x0000000b   Data   RO          545    .constdata          ipc.o
    0x080062c1   0x0000000d   Data   RO          546    .constdata          ipc.o
    0x080062ce   0x0000000b   Data   RO          547    .constdata          ipc.o
    0x080062d9   0x0000000e   Data   RO          548    .constdata          ipc.o
    0x080062e7   0x00000013   Data   RO          597    .constdata          irq.o
    0x080062fa   0x00000013   Data   RO          598    .constdata          irq.o
    0x0800630d   0x00000016   Data   RO          599    .constdata          irq.o
    0x08006323   0x00000018   Data   RO          600    .constdata          irq.o
    0x0800633b   0x00000017   Data   RO          601    .constdata          irq.o
    0x08006352   0x0000000d   Data   RO          622    .constdata          kservice.o
    0x0800635f   0x0000000d   Data   RO          623    .constdata          kservice.o
    0x0800636c   0x0000000a   Data   RO          624    .constdata          kservice.o
    0x08006376   0x0000000a   Data   RO          625    .constdata          kservice.o
    0x08006380   0x0000000a   Data   RO          626    .constdata          kservice.o
    0x0800638a   0x0000000b   Data   RO          627    .constdata          kservice.o
    0x08006395   0x0000000a   Data   RO          628    .constdata          kservice.o
    0x0800639f   0x0000000a   Data   RO          629    .constdata          kservice.o
    0x080063a9   0x0000000e   Data   RO          630    .constdata          kservice.o
    0x080063b7   0x0000000b   Data   RO          631    .constdata          kservice.o
    0x080063c2   0x0000000b   Data   RO          632    .constdata          kservice.o
    0x080063cd   0x0000000a   Data   RO          633    .constdata          kservice.o
    0x080063d7   0x0000000a   Data   RO          634    .constdata          kservice.o
    0x080063e1   0x0000000a   Data   RO          635    .constdata          kservice.o
    0x080063eb   0x00000010   Data   RO          636    .constdata          kservice.o
    0x080063fb   0x0000000c   Data   RO          637    .constdata          kservice.o
    0x08006407   0x0000000c   Data   RO          638    .constdata          kservice.o
    0x08006413   0x0000000b   Data   RO          639    .constdata          kservice.o
    0x0800641e   0x0000000b   Data   RO          640    .constdata          kservice.o
    0x08006429   0x00000010   Data   RO          641    .constdata          kservice.o
    0x08006439   0x0000000e   Data   RO          642    .constdata          kservice.o
    0x08006447   0x00000022   Data   RO          643    .constdata          kservice.o
    0x08006469   0x0000000a   Data   RO          683    .constdata          mem.o
    0x08006473   0x0000000b   Data   RO          684    .constdata          mem.o
    0x0800647e   0x0000000a   Data   RO          685    .constdata          mem.o
    0x08006488   0x00000008   Data   RO          686    .constdata          mem.o
    0x08006490   0x0000000b   Data   RO          711    .constdata          mempool.o
    0x0800649b   0x0000000d   Data   RO          712    .constdata          mempool.o
    0x080064a8   0x0000000d   Data   RO          713    .constdata          mempool.o
    0x080064b5   0x0000000d   Data   RO          714    .constdata          mempool.o
    0x080064c2   0x0000000c   Data   RO          715    .constdata          mempool.o
    0x080064ce   0x0000000b   Data   RO          716    .constdata          mempool.o
    0x080064d9   0x0000001a   Data   RO          811    .constdata          object.o
    0x080064f3   0x00000100   Data   RO          838    .constdata          scheduler.o
    0x080065f3   0x0000000f   Data   RO          858    .constdata          thread.o
    0x08006602   0x0000000f   Data   RO          859    .constdata          thread.o
    0x08006611   0x00000012   Data   RO          860    .constdata          thread.o
    0x08006623   0x00000011   Data   RO          861    .constdata          thread.o
    0x08006634   0x00000011   Data   RO          862    .constdata          thread.o
    0x08006645   0x00000011   Data   RO          863    .constdata          thread.o
    0x08006656   0x00000010   Data   RO          864    .constdata          thread.o
    0x08006666   0x00000010   Data   RO          865    .constdata          thread.o
    0x08006676   0x00000012   Data   RO          866    .constdata          thread.o
    0x08006688   0x00000012   Data   RO          867    .constdata          thread.o
    0x0800669a   0x00000011   Data   RO          868    .constdata          thread.o
    0x080066ab   0x00000012   Data   RO          869    .constdata          thread.o
    0x080066bd   0x0000000f   Data   RO          870    .constdata          thread.o
    0x080066cc   0x0000000e   Data   RO          903    .constdata          timer.o
    0x080066da   0x00000010   Data   RO          904    .constdata          timer.o
    0x080066ea   0x00000010   Data   RO          905    .constdata          timer.o
    0x080066fa   0x00000010   Data   RO          906    .constdata          timer.o
    0x0800670a   0x0000000f   Data   RO          907    .constdata          timer.o
    0x08006719   0x0000000e   Data   RO          908    .constdata          timer.o
    0x08006727   0x00000011   Data   RO          909    .constdata          timer.o
    0x08006738   0x00000005   Data   RO         1103    .constdata          dfs_posix.o
    0x0800673d   0x00000006   Data   RO         1104    .constdata          dfs_posix.o
    0x08006743   0x00000005   Data   RO         1105    .constdata          dfs_posix.o
    0x08006748   0x00000006   Data   RO         1106    .constdata          dfs_posix.o
    0x0800674e   0x00000006   Data   RO         1107    .constdata          dfs_posix.o
    0x08006754   0x00000007   Data   RO         1108    .constdata          dfs_posix.o
    0x0800675b   0x00000007   Data   RO         1109    .constdata          dfs_posix.o
    0x08006762   0x00000005   Data   RO         1110    .constdata          dfs_posix.o
    0x08006767   0x00000006   Data   RO         1111    .constdata          dfs_posix.o
    0x0800676d   0x00000007   Data   RO         1112    .constdata          dfs_posix.o
    0x08006774   0x00000006   Data   RO         1113    .constdata          dfs_posix.o
    0x0800677a   0x00000006   Data   RO         1114    .constdata          dfs_posix.o
    0x08006780   0x00000008   Data   RO         1115    .constdata          dfs_posix.o
    0x08006788   0x00000008   Data   RO         1116    .constdata          dfs_posix.o
    0x08006790   0x00000008   Data   RO         1117    .constdata          dfs_posix.o
    0x08006798   0x00000008   Data   RO         1118    .constdata          dfs_posix.o
    0x080067a0   0x0000000a   Data   RO         1119    .constdata          dfs_posix.o
    0x080067aa   0x00000009   Data   RO         1120    .constdata          dfs_posix.o
    0x080067b3   0x00000007   Data   RO         1121    .constdata          dfs_posix.o
    0x080067ba   0x00000002   PAD
    0x080067bc   0x00000008   Data   RO          439    RTMSymTab           clock.o
    0x080067c4   0x00000008   Data   RO          440    RTMSymTab           clock.o
    0x080067cc   0x00000008   Data   RO          471    RTMSymTab           device.o
    0x080067d4   0x00000008   Data   RO          472    RTMSymTab           device.o
    0x080067dc   0x00000008   Data   RO          473    RTMSymTab           device.o
    0x080067e4   0x00000008   Data   RO          474    RTMSymTab           device.o
    0x080067ec   0x00000008   Data   RO          475    RTMSymTab           device.o
    0x080067f4   0x00000008   Data   RO          476    RTMSymTab           device.o
    0x080067fc   0x00000008   Data   RO          477    RTMSymTab           device.o
    0x08006804   0x00000008   Data   RO          478    RTMSymTab           device.o
    0x0800680c   0x00000008   Data   RO          479    RTMSymTab           device.o
    0x08006814   0x00000008   Data   RO          480    RTMSymTab           device.o
    0x0800681c   0x00000008   Data   RO          549    RTMSymTab           ipc.o
    0x08006824   0x00000008   Data   RO          550    RTMSymTab           ipc.o
    0x0800682c   0x00000008   Data   RO          551    RTMSymTab           ipc.o
    0x08006834   0x00000008   Data   RO          552    RTMSymTab           ipc.o
    0x0800683c   0x00000008   Data   RO          553    RTMSymTab           ipc.o
    0x08006844   0x00000008   Data   RO          554    RTMSymTab           ipc.o
    0x0800684c   0x00000008   Data   RO          555    RTMSymTab           ipc.o
    0x08006854   0x00000008   Data   RO          556    RTMSymTab           ipc.o
    0x0800685c   0x00000008   Data   RO          557    RTMSymTab           ipc.o
    0x08006864   0x00000008   Data   RO          558    RTMSymTab           ipc.o
    0x0800686c   0x00000008   Data   RO          559    RTMSymTab           ipc.o
    0x08006874   0x00000008   Data   RO          560    RTMSymTab           ipc.o
    0x0800687c   0x00000008   Data   RO          561    RTMSymTab           ipc.o
    0x08006884   0x00000008   Data   RO          562    RTMSymTab           ipc.o
    0x0800688c   0x00000008   Data   RO          563    RTMSymTab           ipc.o
    0x08006894   0x00000008   Data   RO          564    RTMSymTab           ipc.o
    0x0800689c   0x00000008   Data   RO          565    RTMSymTab           ipc.o
    0x080068a4   0x00000008   Data   RO          566    RTMSymTab           ipc.o
    0x080068ac   0x00000008   Data   RO          567    RTMSymTab           ipc.o
    0x080068b4   0x00000008   Data   RO          568    RTMSymTab           ipc.o
    0x080068bc   0x00000008   Data   RO          569    RTMSymTab           ipc.o
    0x080068c4   0x00000008   Data   RO          570    RTMSymTab           ipc.o
    0x080068cc   0x00000008   Data   RO          571    RTMSymTab           ipc.o
    0x080068d4   0x00000008   Data   RO          572    RTMSymTab           ipc.o
    0x080068dc   0x00000008   Data   RO          573    RTMSymTab           ipc.o
    0x080068e4   0x00000008   Data   RO          574    RTMSymTab           ipc.o
    0x080068ec   0x00000008   Data   RO          575    RTMSymTab           ipc.o
    0x080068f4   0x00000008   Data   RO          576    RTMSymTab           ipc.o
    0x080068fc   0x00000008   Data   RO          577    RTMSymTab           ipc.o
    0x08006904   0x00000008   Data   RO          578    RTMSymTab           ipc.o
    0x0800690c   0x00000008   Data   RO          603    RTMSymTab           irq.o
    0x08006914   0x00000008   Data   RO          604    RTMSymTab           irq.o
    0x0800691c   0x00000008   Data   RO          605    RTMSymTab           irq.o
    0x08006924   0x00000008   Data   RO          606    RTMSymTab           irq.o
    0x0800692c   0x00000008   Data   RO          607    RTMSymTab           irq.o
    0x08006934   0x00000008   Data   RO          645    RTMSymTab           kservice.o
    0x0800693c   0x00000008   Data   RO          646    RTMSymTab           kservice.o
    0x08006944   0x00000008   Data   RO          647    RTMSymTab           kservice.o
    0x0800694c   0x00000008   Data   RO          648    RTMSymTab           kservice.o
    0x08006954   0x00000008   Data   RO          649    RTMSymTab           kservice.o
    0x0800695c   0x00000008   Data   RO          650    RTMSymTab           kservice.o
    0x08006964   0x00000008   Data   RO          651    RTMSymTab           kservice.o
    0x0800696c   0x00000008   Data   RO          652    RTMSymTab           kservice.o
    0x08006974   0x00000008   Data   RO          653    RTMSymTab           kservice.o
    0x0800697c   0x00000008   Data   RO          654    RTMSymTab           kservice.o
    0x08006984   0x00000008   Data   RO          655    RTMSymTab           kservice.o
    0x0800698c   0x00000008   Data   RO          656    RTMSymTab           kservice.o
    0x08006994   0x00000008   Data   RO          657    RTMSymTab           kservice.o
    0x0800699c   0x00000008   Data   RO          658    RTMSymTab           kservice.o
    0x080069a4   0x00000008   Data   RO          659    RTMSymTab           kservice.o
    0x080069ac   0x00000008   Data   RO          660    RTMSymTab           kservice.o
    0x080069b4   0x00000008   Data   RO          661    RTMSymTab           kservice.o
    0x080069bc   0x00000008   Data   RO          662    RTMSymTab           kservice.o
    0x080069c4   0x00000008   Data   RO          663    RTMSymTab           kservice.o
    0x080069cc   0x00000008   Data   RO          664    RTMSymTab           kservice.o
    0x080069d4   0x00000008   Data   RO          665    RTMSymTab           kservice.o
    0x080069dc   0x00000008   Data   RO          688    RTMSymTab           mem.o
    0x080069e4   0x00000008   Data   RO          689    RTMSymTab           mem.o
    0x080069ec   0x00000008   Data   RO          690    RTMSymTab           mem.o
    0x080069f4   0x00000008   Data   RO          691    RTMSymTab           mem.o
    0x080069fc   0x00000008   Data   RO          717    RTMSymTab           mempool.o
    0x08006a04   0x00000008   Data   RO          718    RTMSymTab           mempool.o
    0x08006a0c   0x00000008   Data   RO          719    RTMSymTab           mempool.o
    0x08006a14   0x00000008   Data   RO          720    RTMSymTab           mempool.o
    0x08006a1c   0x00000008   Data   RO          721    RTMSymTab           mempool.o
    0x08006a24   0x00000008   Data   RO          722    RTMSymTab           mempool.o
    0x08006a2c   0x00000008   Data   RO          813    RTMSymTab           object.o
    0x08006a34   0x00000008   Data   RO          871    RTMSymTab           thread.o
    0x08006a3c   0x00000008   Data   RO          872    RTMSymTab           thread.o
    0x08006a44   0x00000008   Data   RO          873    RTMSymTab           thread.o
    0x08006a4c   0x00000008   Data   RO          874    RTMSymTab           thread.o
    0x08006a54   0x00000008   Data   RO          875    RTMSymTab           thread.o
    0x08006a5c   0x00000008   Data   RO          876    RTMSymTab           thread.o
    0x08006a64   0x00000008   Data   RO          877    RTMSymTab           thread.o
    0x08006a6c   0x00000008   Data   RO          878    RTMSymTab           thread.o
    0x08006a74   0x00000008   Data   RO          879    RTMSymTab           thread.o
    0x08006a7c   0x00000008   Data   RO          880    RTMSymTab           thread.o
    0x08006a84   0x00000008   Data   RO          881    RTMSymTab           thread.o
    0x08006a8c   0x00000008   Data   RO          882    RTMSymTab           thread.o
    0x08006a94   0x00000008   Data   RO          883    RTMSymTab           thread.o
    0x08006a9c   0x00000008   Data   RO          911    RTMSymTab           timer.o
    0x08006aa4   0x00000008   Data   RO          912    RTMSymTab           timer.o
    0x08006aac   0x00000008   Data   RO          913    RTMSymTab           timer.o
    0x08006ab4   0x00000008   Data   RO          914    RTMSymTab           timer.o
    0x08006abc   0x00000008   Data   RO          915    RTMSymTab           timer.o
    0x08006ac4   0x00000008   Data   RO          916    RTMSymTab           timer.o
    0x08006acc   0x00000008   Data   RO          917    RTMSymTab           timer.o
    0x08006ad4   0x00000008   Data   RO         1122    RTMSymTab           dfs_posix.o
    0x08006adc   0x00000008   Data   RO         1123    RTMSymTab           dfs_posix.o
    0x08006ae4   0x00000008   Data   RO         1124    RTMSymTab           dfs_posix.o
    0x08006aec   0x00000008   Data   RO         1125    RTMSymTab           dfs_posix.o
    0x08006af4   0x00000008   Data   RO         1126    RTMSymTab           dfs_posix.o
    0x08006afc   0x00000008   Data   RO         1127    RTMSymTab           dfs_posix.o
    0x08006b04   0x00000008   Data   RO         1128    RTMSymTab           dfs_posix.o
    0x08006b0c   0x00000008   Data   RO         1129    RTMSymTab           dfs_posix.o
    0x08006b14   0x00000008   Data   RO         1130    RTMSymTab           dfs_posix.o
    0x08006b1c   0x00000008   Data   RO         1131    RTMSymTab           dfs_posix.o
    0x08006b24   0x00000008   Data   RO         1132    RTMSymTab           dfs_posix.o
    0x08006b2c   0x00000008   Data   RO         1133    RTMSymTab           dfs_posix.o
    0x08006b34   0x00000008   Data   RO         1134    RTMSymTab           dfs_posix.o
    0x08006b3c   0x00000008   Data   RO         1135    RTMSymTab           dfs_posix.o
    0x08006b44   0x00000008   Data   RO         1136    RTMSymTab           dfs_posix.o
    0x08006b4c   0x00000008   Data   RO         1137    RTMSymTab           dfs_posix.o
    0x08006b54   0x00000008   Data   RO         1138    RTMSymTab           dfs_posix.o
    0x08006b5c   0x00000008   Data   RO         1139    RTMSymTab           dfs_posix.o
    0x08006b64   0x00000008   Data   RO         1140    RTMSymTab           dfs_posix.o
    0x08006b6c   0x00000020   Data   RO         6635    Region$$Table       anon$$obj.o


    Execution Region RW_IRAM1 (Base: 0x20000000, Size: 0x00000d68, Max: 0x0000c000, ABSOLUTE)

    Base Addr    Size         Type   Attr      Idx    E Section Name        Object

    0x20000000   0x00000004   Data   RW          438    .data               clock.o
    0x20000004   0x00000001   Data   RW          602    .data               irq.o
    0x20000005   0x00000003   PAD
    0x20000008   0x00000004   Data   RW          644    .data               kservice.o
    0x2000000c   0x00000018   Data   RW          687    .data               mem.o
    0x20000024   0x00000090   Data   RW          812    .data               object.o
    0x200000b4   0x00000014   Data   RW          839    .data               scheduler.o
    0x200000c8   0x00000008   Data   RW          910    .data               timer.o
    0x200000d0   0x00000004   Data   RW          939    .data               cpuport.o
    0x200000d4   0x00000004   Data   RW          940    .data               cpuport.o
    0x200000d8   0x00000004   Data   RW          941    .data               cpuport.o
    0x200000dc   0x00000004   Data   RW          942    .data               cpuport.o
    0x200000e0   0x00000014   Data   RW         3499    .data               system_stm32f10x.o
    0x200000f4   0x00000288   Zero   RW            2    .bss                application.o
    0x2000037c   0x00000044   Zero   RW          219    .bss                rtc.o
    0x200003c0   0x00000188   Zero   RW          501    .bss                idle.o
    0x20000548   0x00000024   Zero   RW          682    .bss                mem.o
    0x2000056c   0x00000100   Zero   RW          837    .bss                scheduler.o
    0x2000066c   0x00000098   Zero   RW         1004    .bss                dfs.o
    0x20000704   0x00000060   Zero   RW         6509    .bss                c_w.l(libspace.o)
    0x20000764   0x00000004   PAD
    0x20000768   0x00000200   Zero   RW         6446    HEAP                startup_stm32f10x_hd.o
    0x20000968   0x00000400   Zero   RW         6445    STACK               startup_stm32f10x_hd.o


==============================================================================

Image component sizes


      Code (inc. data)   RO Data    RW Data    ZI Data      Debug   Object Name

       188         62          0          0        648      11399   application.o
        96         10          0          0          0      23151   board.o
        76          6         53          4          0       1742   clock.o
       196         20          0          0          0        692   context_rvds.o
       316        166          0         16          0       2048   cpuport.o
       444         62        267          0          0       5904   device.o
       724         62          0          0        152       8562   dfs.o
       788          6          0          0          0       4575   dfs_file.o
       332         82          0          0          0       2032   dfs_fs.o
      1100         44        282          0          0      11011   dfs_posix.o
       244         22          0          0        392       2348   idle.o
      2240          0        667          0          0      18405   ipc.o
        56          6        147          1          0       2079   irq.o
      1640         60        447          4          0      13520   kservice.o
       104          6          0          0          0        716   led.o
       768         76         71         24         36       4053   mem.o
       566          0        121          0          0       4785   mempool.o
       256         64          0          0          0       1336   misc.o
       306          0          0          0          0       1251   module.o
       316          6         34        144          0       3933   object.o
       372        116          0          0         68       2691   rtc.o
       592        102        256         20        256       4167   scheduler.o
         0          0          0          0          0       4396   sdcard.o
       192         88          0          0          0     223223   startup.o
        64         26        304          0       1536        840   startup_stm32f10x_hd.o
       456         64          0          0          0       2280   stm32f10x_bkp.o
       524         88          0          0          0       2588   stm32f10x_gpio.o
        24          0          0          0          0       1392   stm32f10x_it.o
        88         64          0          0          0        538   stm32f10x_pwr.o
       504         82          0          0          0       2484   stm32f10x_rcc.o
       204         66          0          0          0       1917   stm32f10x_rtc.o
       224         22          0         20          0       1573   system_stm32f10x.o
       984         20        321          0          0       8873   thread.o
       544          6        164          8          0       5637   timer.o
         8          0          0          0          0       1467   usart.o

    ----------------------------------------------------------------------
     15536       1504       3168        244       3088     387608   Object Totals
         0          0         32          0          0          0   (incl. Generated)
         0          0          2          3          0          0   (incl. Padding)

    ----------------------------------------------------------------------

      Code (inc. data)   RO Data    RW Data    ZI Data      Debug   Library Member Name

         8          0          0          0          0         68   __main.o
        52          8          0          0          0          0   __scatter.o
        26          0          0          0          0          0   __scatter_copy.o
        28          0          0          0          0          0   __scatter_zi.o
        12          0          0          0          0         72   exit.o
         6          0          0          0          0        152   heapauxi.o
         0          0          0          0          0          0   indicate_semi.o
         6          0          0          0          0          0   libinit.o
         2          0          0          0          0          0   libinit2.o
         2          0          0          0          0          0   libshutdown.o
         2          0          0          0          0          0   libshutdown2.o
         8          4          0          0         96         68   libspace.o
         8          4          0          0          0         68   rt_fp_status_addr_intlibspace.o
         0          0          0          0          0          0   rtentry.o
        12          0          0          0          0          0   rtentry2.o
         6          0          0          0          0          0   rtentry4.o
         2          0          0          0          0          0   rtexit.o
        10          0          0          0          0          0   rtexit2.o
       128          0          0          0          0         68   strcmpv7m.o
        62          0          0          0          0         76   strlen.o
       150          0          0          0          0         80   strncmp.o
        12          4          0          0          0         68   sys_exit.o
        74          0          0          0          0         80   sys_stackheap_outer.o
         2          0          0          0          0         68   use_no_semi.o
        14          0          0          0          0         76   fpinit.o

    ----------------------------------------------------------------------
       636         20          0          0        100        944   Library Totals
         4          0          0          0          4          0   (incl. Padding)

    ----------------------------------------------------------------------

      Code (inc. data)   RO Data    RW Data    ZI Data      Debug   Library Name

       618         20          0          0         96        868   c_w.l
        14          0          0          0          0         76   fz_ws.l

    ----------------------------------------------------------------------
       636         20          0          0        100        944   Library Totals

    ----------------------------------------------------------------------

==============================================================================


      Code (inc. data)   RO Data    RW Data    ZI Data      Debug   

     16172       1524       3168        244       3188     385432   Grand Totals
     16172       1524       3168        244       3188     385432   ELF Image Totals
     16172       1524       3168        244          0          0   ROM Totals

==============================================================================

    Total RO  Size (Code + RO Data)                19340 (  18.89kB)
    Total RW  Size (RW Data + ZI Data)              3432 (   3.35kB)
    Total ROM Size (Code + RO Data + RW Data)      19584 (  19.13kB)

==============================================================================

